Component: ARM Compiler 5.06 update 4 (build 422) Tool: armlink [4d35d2]

==============================================================================

Section Cross References

    startup_stm32f40_41xxx.o(STACK) refers (Special) to heapauxi.o(.text) for __use_two_region_memory
    startup_stm32f40_41xxx.o(HEAP) refers (Special) to heapauxi.o(.text) for __use_two_region_memory
    startup_stm32f40_41xxx.o(RESET) refers (Special) to heapauxi.o(.text) for __use_two_region_memory
    startup_stm32f40_41xxx.o(RESET) refers to startup_stm32f40_41xxx.o(STACK) for __initial_sp
    startup_stm32f40_41xxx.o(RESET) refers to startup_stm32f40_41xxx.o(.text) for Reset_Handler
    startup_stm32f40_41xxx.o(RESET) refers to stm32f4xx_it.o(i.NMI_Handler) for NMI_Handler
    startup_stm32f40_41xxx.o(RESET) refers to stm32f4xx_it.o(i.HardFault_Handler) for HardFault_Handler
    startup_stm32f40_41xxx.o(RESET) refers to stm32f4xx_it.o(i.MemManage_Handler) for MemManage_Handler
    startup_stm32f40_41xxx.o(RESET) refers to stm32f4xx_it.o(i.BusFault_Handler) for BusFault_Handler
    startup_stm32f40_41xxx.o(RESET) refers to stm32f4xx_it.o(i.UsageFault_Handler) for UsageFault_Handler
    startup_stm32f40_41xxx.o(RESET) refers to stm32f4xx_it.o(i.SVC_Handler) for SVC_Handler
    startup_stm32f40_41xxx.o(RESET) refers to stm32f4xx_it.o(i.DebugMon_Handler) for DebugMon_Handler
    startup_stm32f40_41xxx.o(RESET) refers to stm32f4xx_it.o(i.PendSV_Handler) for PendSV_Handler
    startup_stm32f40_41xxx.o(RESET) refers to systick.o(i.SysTick_Handler) for SysTick_Handler
    startup_stm32f40_41xxx.o(RESET) refers to usart.o(i.UART4_IRQHandler) for UART4_IRQHandler
    startup_stm32f40_41xxx.o(.text) refers (Special) to heapauxi.o(.text) for __use_two_region_memory
    startup_stm32f40_41xxx.o(.text) refers to system_stm32f4xx.o(i.SystemInit) for SystemInit
    startup_stm32f40_41xxx.o(.text) refers to __main.o(!!!main) for __main
    startup_stm32f40_41xxx.o(.text) refers to startup_stm32f40_41xxx.o(HEAP) for Heap_Mem
    startup_stm32f40_41xxx.o(.text) refers to startup_stm32f40_41xxx.o(STACK) for Stack_Mem
    main.o(i.main) refers to misc.o(i.NVIC_PriorityGroupConfig) for NVIC_PriorityGroupConfig
    main.o(i.main) refers to scheduler.o(i.sch_scheduler_init) for sch_scheduler_init
    main.o(i.main) refers to scheduler.o(i.sch_scheduler) for sch_scheduler
    main.o(i.main) refers to led.o(.data) for led
    main.o(i.main) refers to usart.o(.data) for usart4
    main.o(i.main) refers to fsmc.o(.data) for fsmc
    main.o(i.main) refers to fpga_flag.o(.data) for fpga_flag
    main.o(i.main) refers to systick.o(.data) for systick
    main.o(i.main) refers to iwdg.o(.data) for iwdg
    scheduler.o(i.sch_scheduler) refers to comm_task.o(i.comm_task) for comm_task
    scheduler.o(i.sch_scheduler) refers to timing_task.o(i.timing_task) for timing_task
    scheduler.o(i.sch_scheduler) refers to alarm_task.o(i.alarm_task) for alarm_task
    scheduler.o(i.sch_scheduler_init) refers to comm_task.o(i.comm_task_init) for comm_task_init
    scheduler.o(i.sch_scheduler_init) refers to timing_task.o(i.timing_task_init) for timing_task_init
    scheduler.o(i.sch_scheduler_init) refers to alarm_task.o(i.alarm_task_init) for alarm_task_init
    led.o(i.initialize) refers to stm32f4xx_rcc.o(i.RCC_AHB1PeriphClockCmd) for RCC_AHB1PeriphClockCmd
    led.o(i.initialize) refers to stm32f4xx_gpio.o(i.GPIO_Init) for GPIO_Init
    led.o(i.initialize) refers to stm32f4xx_gpio.o(i.GPIO_SetBits) for GPIO_SetBits
    led.o(.data) refers to led.o(i.initialize) for initialize
    fsmc.o(i.initialize) refers to stm32f4xx_rcc.o(i.RCC_AHB3PeriphClockCmd) for RCC_AHB3PeriphClockCmd
    fsmc.o(i.initialize) refers to stm32f4xx_rcc.o(i.RCC_AHB1PeriphClockCmd) for RCC_AHB1PeriphClockCmd
    fsmc.o(i.initialize) refers to stm32f4xx_gpio.o(i.GPIO_PinAFConfig) for GPIO_PinAFConfig
    fsmc.o(i.initialize) refers to stm32f4xx_gpio.o(i.GPIO_Init) for GPIO_Init
    fsmc.o(i.initialize) refers to stm32f4xx_fsmc.o(i.FSMC_NORSRAMInit) for FSMC_NORSRAMInit
    fsmc.o(i.initialize) refers to stm32f4xx_fsmc.o(i.FSMC_NORSRAMCmd) for FSMC_NORSRAMCmd
    fsmc.o(.data) refers to fsmc.o(i.initialize) for initialize
    fpga_flag.o(i.initialize) refers to stm32f4xx_rcc.o(i.RCC_AHB1PeriphClockCmd) for RCC_AHB1PeriphClockCmd
    fpga_flag.o(i.initialize) refers to stm32f4xx_gpio.o(i.GPIO_Init) for GPIO_Init
    fpga_flag.o(.data) refers to fpga_flag.o(i.initialize) for initialize
    iwdg.o(i.feed_dog) refers to stm32f4xx_iwdg.o(i.IWDG_ReloadCounter) for IWDG_ReloadCounter
    iwdg.o(.data) refers to iwdg.o(i.initialize) for initialize
    iwdg.o(.data) refers to iwdg.o(i.feed_dog) for feed_dog
    usart.o(i.UART4_IRQHandler) refers to stm32f4xx_usart.o(i.USART_GetFlagStatus) for USART_GetFlagStatus
    usart.o(i.UART4_IRQHandler) refers to stm32f4xx_usart.o(i.USART_ReceiveData) for USART_ReceiveData
    usart.o(i.UART4_IRQHandler) refers to rt_memcpy_v6.o(.text) for __aeabi_memcpy
[...]
    .ARM.Collect$$_printf_percent$$0000000E  0x0800024e   Section        6  _printf_lld.o(.ARM.Collect$$_printf_percent$$0000000E)
    .ARM.Collect$$_printf_percent$$0000000F  0x08000254   Section        6  _printf_llu.o(.ARM.Collect$$_printf_percent$$0000000F)
    .ARM.Collect$$_printf_percent$$00000010  0x0800025a   Section        6  _printf_llo.o(.ARM.Collect$$_printf_percent$$00000010)
    .ARM.Collect$$_printf_percent$$00000011  0x08000260   Section        6  _printf_llx.o(.ARM.Collect$$_printf_percent$$00000011)
    .ARM.Collect$$_printf_percent$$00000012  0x08000266   Section       10  _printf_l.o(.ARM.Collect$$_printf_percent$$00000012)
    .ARM.Collect$$_printf_percent$$00000013  0x08000270   Section        6  _printf_c.o(.ARM.Collect$$_printf_percent$$00000013)
    .ARM.Collect$$_printf_percent$$00000014  0x08000276   Section        6  _printf_s.o(.ARM.Collect$$_printf_percent$$00000014)
    .ARM.Collect$$_printf_percent$$00000015  0x0800027c   Section        6  _printf_lc.o(.ARM.Collect$$_printf_percent$$00000015)
    .ARM.Collect$$_printf_percent$$00000016  0x08000282   Section        6  _printf_ls.o(.ARM.Collect$$_printf_percent$$00000016)
    .ARM.Collect$$_printf_percent$$00000017  0x08000288   Section        4  _printf_percent_end.o(.ARM.Collect$$_printf_percent$$00000017)
    .ARM.Collect$$libinit$$00000000          0x0800028c   Section        2  libinit.o(.ARM.Collect$$libinit$$00000000)
    .ARM.Collect$$libinit$$00000001          0x0800028e   Section        4  libinit2.o(.ARM.Collect$$libinit$$00000001)
    .ARM.Collect$$libinit$$00000004          0x08000292   Section        0  libinit2.o(.ARM.Collect$$libinit$$00000004)
    .ARM.Collect$$libinit$$0000000A          0x08000292   Section        0  libinit2.o(.ARM.Collect$$libinit$$0000000A)
    .ARM.Collect$$libinit$$0000000C          0x08000292   Section        0  libinit2.o(.ARM.Collect$$libinit$$0000000C)
    .ARM.Collect$$libinit$$0000000E          0x08000292   Section        0  libinit2.o(.ARM.Collect$$libinit$$0000000E)
    .ARM.Collect$$libinit$$0000000F          0x08000292   Section        6  libinit2.o(.ARM.Collect$$libinit$$0000000F)
    .ARM.Collect$$libinit$$00000011          0x08000298   Section        0  libinit2.o(.ARM.Collect$$libinit$$00000011)
    .ARM.Collect$$libinit$$00000012          0x08000298   Section       12  libinit2.o(.ARM.Collect$$libinit$$00000012)
    .ARM.Collect$$libinit$$00000013          0x080002a4   Section        0  libinit2.o(.ARM.Collect$$libinit$$00000013)
    .ARM.Collect$$libinit$$00000015          0x080002a4   Section        0  libinit2.o(.ARM.Collect$$libinit$$00000015)
    .ARM.Collect$$libinit$$00000016          0x080002a4   Section       10  libinit2.o(.ARM.Collect$$libinit$$00000016)
    .ARM.Collect$$libinit$$00000017          0x080002ae   Section        0  libinit2.o(.ARM.Collect$$libinit$$00000017)
    .ARM.Collect$$libinit$$00000019          0x080002ae   Section        0  libinit2.o(.ARM.Collect$$libinit$$00000019)
    .ARM.Collect$$libinit$$0000001B          0x080002ae   Section        0  libinit2.o(.ARM.Collect$$libinit$$0000001B)
    .ARM.Collect$$libinit$$0000001D          0x080002ae   Section        0  libinit2.o(.ARM.Collect$$libinit$$0000001D)
    .ARM.Collect$$libinit$$0000001F          0x080002ae   Section        0  libinit2.o(.ARM.Collect$$libinit$$0000001F)
    .ARM.Collect$$libinit$$00000021          0x080002ae   Section        0  libinit2.o(.ARM.Collect$$libinit$$00000021)
    .ARM.Collect$$libinit$$00000023          0x080002ae   Section        0  libinit2.o(.ARM.Collect$$libinit$$00000023)
    .ARM.Collect$$libinit$$00000025          0x080002ae   Section        0  libinit2.o(.ARM.Collect$$libinit$$00000025)
    .ARM.Collect$$libinit$$0000002C          0x080002ae   Section        0  libinit2.o(.ARM.Collect$$libinit$$0000002C)
    .ARM.Collect$$libinit$$0000002E          0x080002ae   Section        0  libinit2.o(.ARM.Collect$$libinit$$0000002E)
    .ARM.Collect$$libinit$$00000030          0x080002ae   Section        0  libinit2.o(.ARM.Collect$$libinit$$00000030)
    .ARM.Collect$$libinit$$00000032          0x080002ae   Section        0  libinit2.o(.ARM.Collect$$libinit$$00000032)
    .ARM.Collect$$libinit$$00000033          0x080002ae   Section        2  libinit2.o(.ARM.Collect$$libinit$$00000033)
    .ARM.Collect$$libshutdown$$00000000      0x080002b0   Section        2  libshutdown.o(.ARM.Collect$$libshutdown$$00000000)
    .ARM.Collect$$libshutdown$$00000002      0x080002b2   Section        0  libshutdown2.o(.ARM.Collect$$libshutdown$$00000002)
    .ARM.Collect$$libshutdown$$00000004      0x080002b2   Section        0  libshutdown2.o(.ARM.Collect$$libshutdown$$00000004)
    .ARM.Collect$$libshutdown$$00000007      0x080002b2   Section        0  libshutdown2.o(.ARM.Collect$$libshutdown$$00000007)
    .ARM.Collect$$libshutdown$$0000000A      0x080002b2   Section        0  libshutdown2.o(.ARM.Collect$$libshutdown$$0000000A)
    .ARM.Collect$$libshutdown$$0000000C      0x080002b2   Section        0  libshutdown2.o(.ARM.Collect$$libshutdown$$0000000C)
    .ARM.Collect$$libshutdown$$0000000F      0x080002b2   Section        0  libshutdown2.o(.ARM.Collect$$libshutdown$$0000000F)
    .ARM.Collect$$libshutdown$$00000010      0x080002b2   Section        2  libshutdown2.o(.ARM.Collect$$libshutdown$$00000010)
    .ARM.Collect$$rtentry$$00000000          0x080002b4   Section        0  __rtentry.o(.ARM.Collect$$rtentry$$00000000)
    .ARM.Collect$$rtentry$$00000002          0x080002b4   Section        0  __rtentry2.o(.ARM.Collect$$rtentry$$00000002)
    .ARM.Collect$$rtentry$$00000004          0x080002b4   Section        6  __rtentry4.o(.ARM.Collect$$rtentry$$00000004)
    .ARM.Collect$$rtentry$$00000009          0x080002ba   Section        0  __rtentry2.o(.ARM.Collect$$rtentry$$00000009)
    .ARM.Collect$$rtentry$$0000000A          0x080002ba   Section        4  __rtentry2.o(.ARM.Collect$$rtentry$$0000000A)
    .ARM.Collect$$rtentry$$0000000C          0x080002be   Section        0  __rtentry2.o(.ARM.Collect$$rtentry$$0000000C)
    .ARM.Collect$$rtentry$$0000000D          0x080002be   Section        8  __rtentry2.o(.ARM.Collect$$rtentry$$0000000D)
    .ARM.Collect$$rtexit$$00000000           0x080002c6   Section        2  rtexit.o(.ARM.Collect$$rtexit$$00000000)
    .ARM.Collect$$rtexit$$00000002           0x080002c8   Section        0  rtexit2.o(.ARM.Collect$$rtexit$$00000002)
    .ARM.Collect$$rtexit$$00000003           0x080002c8   Section        4  rtexit2.o(.ARM.Collect$$rtexit$$00000003)
    .ARM.Collect$$rtexit$$00000004           0x080002cc   Section        6  rtexit2.o(.ARM.Collect$$rtexit$$00000004)
    .text                                    0x080002d4   Section       64  startup_stm32f40_41xxx.o(.text)
    $v0                                      0x080002d4   Number         0  startup_stm32f40_41xxx.o(.text)
    .text                                    0x08000314   Section        0  vsprintf.o(.text)
    .text                                    0x08000338   Section        0  atoi.o(.text)
    .text                                    0x08000352   Section      138  rt_memcpy_v6.o(.text)
    .text                                    0x080003dc   Section       78  rt_memclr_w.o(.text)
    .text                                    0x0800042a   Section        0  heapauxi.o(.text)
    .text                                    0x08000430   Section        8  rt_errno_addr_intlibspace.o(.text)
    .text                                    0x08000438   Section        0  _printf_pad.o(.text)
    .text                                    0x08000486   Section        0  _printf_truncate.o(.text)
    .text                                    0x080004aa   Section        0  _printf_str.o(.text)
    .text                                    0x080004fc   Section        0  _printf_dec.o(.text)
    .text                                    0x08000574   Section        0  _printf_charcount.o(.text)
    .text                                    0x0800059c   Section        0  _printf_char_common.o(.text)
    _printf_input_char                       0x0800059d   Thumb Code    10  _printf_char_common.o(.text)
    .text                                    0x080005cc   Section        0  _sputc.o(.text)
    .text                                    0x080005d8   Section        0  _printf_wctomb.o(.text)
    .text                                    0x08000694   Section        0  _printf_longlong_dec.o(.text)
    .text                                    0x08000710   Section        0  _printf_oct_int_ll.o(.text)
    _printf_longlong_oct_internal            0x08000711   Thumb Code     0  _printf_oct_int_ll.o(.text)
    .text                                    0x08000780   Section        0  _printf_hex_int_ll_ptr.o(.text)
    _printf_hex_common                       0x08000781   Thumb Code     0  _printf_hex_int_ll_ptr.o(.text)
    .text                                    0x08000814   Section        0  __printf_flags_ss_wp.o(.text)
    .text                                    0x0800099c   Section        0  strtol.o(.text)
    .text                                    0x08000a0c   Section      100  rt_memcpy_w.o(.text)
    .text                                    0x08000a70   Section        8  libspace.o(.text)
    .text                                    0x08000a78   Section       16  rt_ctype_table.o(.text)
    .text                                    0x08000a88   Section      138  lludiv10.o(.text)
    .text                                    0x08000b12   Section        0  _printf_intcommon.o(.text)
    .text                                    0x08000bc4   Section        0  _printf_fp_dec.o(.text)
    _fp_digits                               0x08000bc7   Thumb Code   428  _printf_fp_dec.o(.text)
    .text                                    0x08000fe0   Section        0  _printf_fp_hex.o(.text)
    .text                                    0x080012dc   Section        0  _printf_char.o(.text)
    .text                                    0x08001308   Section        0  _printf_wchar.o(.text)
    .text                                    0x08001334   Section        0  _strtoul.o(.text)
    .text                                    0x080013d2   Section        0  _wcrtomb.o(.text)
    .text                                    0x08001412   Section       74  sys_stackheap_outer.o(.text)
    .text                                    0x0800145c   Section        8  rt_locale_intlibspace.o(.text)
    .text                                    0x08001464   Section        0  _printf_fp_infnan.o(.text)
    .text                                    0x080014e4   Section        0  _chval.o(.text)
    .text                                    0x08001500   Section        0  bigflt0.o(.text)
    .text                                    0x080015dc   Section        0  exit.o(.text)
    .text                                    0x080015f0   Section      128  strcmpv7m.o(.text)
    .text                                    0x08001670   Section        0  sys_exit.o(.text)
    .text                                    0x0800167c   Section        2  use_no_semi.o(.text)
    .text                                    0x0800167e   Section        0  indicate_semi.o(.text)
    CL$$btod_d2e                             0x0800167e   Section       62  btod.o(CL$$btod_d2e)
    CL$$btod_d2e_denorm_low                  0x080016bc   Section       70  btod.o(CL$$btod_d2e_denorm_low)
    CL$$btod_d2e_norm_op1                    0x08001702   Section       96  btod.o(CL$$btod_d2e_norm_op1)
    CL$$btod_div_common                      0x08001762   Section      824  btod.o(CL$$btod_div_common)
    CL$$btod_e2e                             0x08001a9a   Section      198  btod.o(CL$$btod_e2e)
    CL$$btod_ediv                            0x08001b60   Section       40  btod.o(CL$$btod_ediv)
    CL$$btod_emul                            0x08001b88   Section       40  btod.o(CL$$btod_emul)
    CL$$btod_mult_common                     0x08001bb0   Section      580  btod.o(CL$$btod_mult_common)
    i.BusFault_Handler                       0x08001df4   Section        0  stm32f4xx_it.o(i.BusFault_Handler)
    i.DebugMon_Handler                       0x08001df8   Section        0  stm32f4xx_it.o(i.DebugMon_Handler)
    i.FSMC_NORSRAMCmd                        0x08001dfc   Section        0  stm32f4xx_fsmc.o(i.FSMC_NORSRAMCmd)
    i.FSMC_NORSRAMInit                       0x08001e30   Section        0  stm32f4xx_fsmc.o(i.FSMC_NORSRAMInit)
    i.GPIO_Init                              0x08001f16   Section        0  stm32f4xx_gpio.o(i.GPIO_Init)
    i.GPIO_PinAFConfig                       0x08001fa6   Section        0  stm32f4xx_gpio.o(i.GPIO_PinAFConfig)
    i.GPIO_ReadInputDataBit                  0x08001fec   Section        0  stm32f4xx_gpio.o(i.GPIO_ReadInputDataBit)
    i.GPIO_ResetBits                         0x08001ffe   Section        0  stm32f4xx_gpio.o(i.GPIO_ResetBits)
    i.GPIO_SetBits                           0x08002002   Section        0  stm32f4xx_gpio.o(i.GPIO_SetBits)
    i.HardFault_Handler                      0x08002006   Section        0  stm32f4xx_it.o(i.HardFault_Handler)
    i.IWDG_ReloadCounter                     0x0800200c   Section        0  stm32f4xx_iwdg.o(i.IWDG_ReloadCounter)
    i.MemManage_Handler                      0x0800201c   Section        0  stm32f4xx_it.o(i.MemManage_Handler)
    i.NMI_Handler                            0x08002020   Section        0  stm32f4xx_it.o(i.NMI_Handler)
    i.NVIC_Init                              0x08002024   Section        0  misc.o(i.NVIC_Init)
    i.NVIC_PriorityGroupConfig               0x0800209c   Section        0  misc.o(i.NVIC_PriorityGroupConfig)
    i.PendSV_Handler                         0x080020b0   Section        0  stm32f4xx_it.o(i.PendSV_Handler)
    i.RCC_AHB1PeriphClockCmd                 0x080020b4   Section        0  stm32f4xx_rcc.o(i.RCC_AHB1PeriphClockCmd)
    i.RCC_AHB3PeriphClockCmd                 0x080020d4   Section        0  stm32f4xx_rcc.o(i.RCC_AHB3PeriphClockCmd)
    i.RCC_APB1PeriphClockCmd                 0x080020f4   Section        0  stm32f4xx_rcc.o(i.RCC_APB1PeriphClockCmd)
    i.RCC_APB1PeriphResetCmd                 0x08002114   Section        0  stm32f4xx_rcc.o(i.RCC_APB1PeriphResetCmd)
    i.RCC_APB2PeriphResetCmd                 0x08002134   Section        0  stm32f4xx_rcc.o(i.RCC_APB2PeriphResetCmd)
    i.RCC_GetClocksFreq                      0x08002154   Section        0  stm32f4xx_rcc.o(i.RCC_GetClocksFreq)
    i.SVC_Handler                            0x0800223c   Section        0  stm32f4xx_it.o(i.SVC_Handler)
    i.SetSysClock                            0x08002240   Section        0  system_stm32f4xx.o(i.SetSysClock)
    SetSysClock                              0x08002241   Thumb Code   220  system_stm32f4xx.o(i.SetSysClock)
    i.SysTick_Handler                        0x0800232c   Section        0  systick.o(i.SysTick_Handler)
    i.SystemInit                             0x08002388   Section        0  system_stm32f4xx.o(i.SystemInit)
    i.UART4_IRQHandler                       0x080023f0   Section        0  usart.o(i.UART4_IRQHandler)
    i.USART_Cmd                              0x0800249c   Section        0  stm32f4xx_usart.o(i.USART_Cmd)
    i.USART_DeInit                           0x080024b4   Section        0  stm32f4xx_usart.o(i.USART_DeInit)
    i.USART_GetFlagStatus                    0x080025a4   Section        0  stm32f4xx_usart.o(i.USART_GetFlagStatus)
    i.USART_ITConfig                         0x080025be   Section        0  stm32f4xx_usart.o(i.USART_ITConfig)
    i.USART_Init                             0x08002608   Section        0  stm32f4xx_usart.o(i.USART_Init)
    i.USART_ReceiveData                      0x080026dc   Section        0  stm32f4xx_usart.o(i.USART_ReceiveData)
    i.USART_SendData                         0x080026e6   Section        0  stm32f4xx_usart.o(i.USART_SendData)
    i.UsageFault_Handler                     0x080026ee   Section        0  stm32f4xx_it.o(i.UsageFault_Handler)
    i.__ARM_fpclassify                       0x080026f2   Section        0  fpclassify.o(i.__ARM_fpclassify)
    i._is_digit                              0x08002722   Section        0  __printf_wp.o(i._is_digit)
    i.alarm_task                             0x08002730   Section        0  alarm_task.o(i.alarm_task)
    i.alarm_task_init                        0x080027f0   Section        0  alarm_task.o(i.alarm_task_init)
    i.comm_task                              0x0800280c   Section        0  comm_task.o(i.comm_task)
    i.comm_task_init                         0x080029ec   Section        0  comm_task.o(i.comm_task_init)
    i.feed_dog                               0x08002a30   Section        0  iwdg.o(i.feed_dog)
    feed_dog                                 0x08002a31   Thumb Code     8  iwdg.o(i.feed_dog)
    i.initialize                             0x08002a38   Section        0  led.o(i.initialize)
    initialize                               0x08002a39   Thumb Code    58  led.o(i.initialize)
    i.initialize                             0x08002a78   Section        0  fsmc.o(i.initialize)
    initialize                               0x08002a79   Thumb Code   494  fsmc.o(i.initialize)
    i.initialize                             0x08002c78   Section        0  fpga_flag.o(i.initialize)
    initialize                               0x08002c79   Thumb Code    44  fpga_flag.o(i.initialize)
    i.initialize                             0x08002ca8   Section        0  iwdg.o(i.initialize)
    initialize                               0x08002ca9   Thumb Code     4  iwdg.o(i.initialize)
    i.initialize                             0x08002cac   Section        0  systick.o(i.initialize)
    initialize                               0x08002cad   Thumb Code    98  systick.o(i.initialize)
    i.initialize_usart4                      0x08002d1c   Section        0  usart.o(i.initialize_usart4)
    initialize_usart4                        0x08002d1d   Thumb Code   180  usart.o(i.initialize_usart4)
    i.main                                   0x08002dd8   Section        0  main.o(i.main)
    i.my_printf4                             0x08002e30   Section        0  usart.o(i.my_printf4)
    my_printf4                               0x08002e31   Thumb Code    46  usart.o(i.my_printf4)
    i.sch_scheduler                          0x08002e5e   Section        0  scheduler.o(i.sch_scheduler)
    i.sch_scheduler_init                     0x08002e6e   Section        0  scheduler.o(i.sch_scheduler_init)
    i.send_buffer4                           0x08002e7e   Section        0  usart.o(i.send_buffer4)
    send_buffer4                             0x08002e7f   Thumb Code    40  usart.o(i.send_buffer4)
    i.send_byte_to_usart4                    0x08002ea8   Section        0  usart.o(i.send_byte_to_usart4)
    send_byte_to_usart4                      0x08002ea9   Thumb Code    30  usart.o(i.send_byte_to_usart4)
    i.send_string_to_usart4                  0x08002ecc   Section        0  usart.o(i.send_string_to_usart4)
    send_string_to_usart4                    0x08002ecd   Thumb Code    38  usart.o(i.send_string_to_usart4)
    i.timing_task                            0x08002ef8   Section        0  timing_task.o(i.timing_task)
    i.timing_task_init                       0x08002efa   Section        0  timing_task.o(i.timing_task_init)
    i.uart_init                              0x08002efc   Section        0  comm_task.o(i.uart_init)
    locale$$code                             0x08002f18   Section       44  lc_ctype_c.o(locale$$code)
    locale$$code                             0x08002f44   Section       44  lc_numeric_c.o(locale$$code)
    x$fpl$fpinit                             0x08002f70   Section       10  fpinit.o(x$fpl$fpinit)
    $v0                                      0x08002f70   Number         0  fpinit.o(x$fpl$fpinit)
    x$fpl$printf1                            0x08002f7a   Section        4  printf1.o(x$fpl$printf1)
    $v0                                      0x08002f7a   Number         0  printf1.o(x$fpl$printf1)
    x$fpl$printf2                            0x08002f7e   Section        4  printf2.o(x$fpl$printf2)
    $v0                                      0x08002f7e   Number         0  printf2.o(x$fpl$printf2)
    x$fpl$usenofp                            0x08002f82   Section        0  usenofp.o(x$fpl$usenofp)
    .constdata                               0x08002f84   Section        8  _printf_wctomb.o(.constdata)
    initial_mbstate                          0x08002f84   Data           8  _printf_wctomb.o(.constdata)
    .constdata                               0x08002f8c   Section       40  _printf_hex_int_ll_ptr.o(.constdata)
    uc_hextab                                0x08002f8c   Data          20  _printf_hex_int_ll_ptr.o(.constdata)
    lc_hextab                                0x08002fa0   Data          20  _printf_hex_int_ll_ptr.o(.constdata)
    .constdata                               0x08002fb4   Section       17  __printf_flags_ss_wp.o(.constdata)
    maptable                                 0x08002fb4   Data          17  __printf_flags_ss_wp.o(.constdata)
    .constdata                               0x08002fc5   Section       38  _printf_fp_hex.o(.constdata)
    lc_hextab                                0x08002fc5   Data          19  _printf_fp_hex.o(.constdata)
    uc_hextab                                0x08002fd8   Data          19  _printf_fp_hex.o(.constdata)
    .constdata                               0x08002fec   Section      148  bigflt0.o(.constdata)
    tenpwrs_x                                0x08002fec   Data          60  bigflt0.o(.constdata)
    tenpwrs_i                                0x08003028   Data          64  bigflt0.o(.constdata)
    locale$$data                             0x080030a0   Section      272  lc_ctype_c.o(locale$$data)
    __lcctype_c_name                         0x080030a4   Data           2  lc_ctype_c.o(locale$$data)
    __lcctype_c_start                        0x080030ac   Data           0  lc_ctype_c.o(locale$$data)
    locale$$data                             0x080031b0   Section       28  lc_numeric_c.o(locale$$data)
    __lcctype_c_end                          0x080031b0   Data           0  lc_ctype_c.o(locale$$data)
    __lcnum_c_name                           0x080031b4   Data           2  lc_numeric_c.o(locale$$data)
    __lcnum_c_start                          0x080031bc   Data           0  lc_numeric_c.o(locale$$data)
    __lcnum_c_point                          0x080031c8   Data           0  lc_numeric_c.o(locale$$data)
    __lcnum_c_thousands                      0x080031ca   Data           0  lc_numeric_c.o(locale$$data)
    __lcnum_c_grouping                       0x080031cb   Data           0  lc_numeric_c.o(locale$$data)
    __lcnum_c_end                            0x080031cc   Data           0  lc_numeric_c.o(locale$$data)
    .data                                    0x20000000   Section       48  variable.o(.data)
    .data                                    0x20000030   Section        4  led.o(.data)
    .data                                    0x20000034   Section        4  fsmc.o(.data)
    .data                                    0x20000038   Section        4  fpga_flag.o(.data)
    .data                                    0x2000003c   Section        8  iwdg.o(.data)
    .data                                    0x20000044   Section       20  usart.o(.data)
    .data                                    0x20000058   Section        4  systick.o(.data)
    .data                                    0x2000005c   Section       20  system_stm32f4xx.o(.data)
    .data                                    0x20000070   Section       16  stm32f4xx_rcc.o(.data)
    APBAHBPrescTable                         0x20000070   Data          16  stm32f4xx_rcc.o(.data)
    .data                                    0x20000080   Section        4  comm_task.o(.data)
    samples_K_remain                         0x20000080   Data           4  comm_task.o(.data)
    .bss                                     0x20000084   Section       72  variable.o(.bss)
    .bss                                     0x200000cc   Section       96  libspace.o(.bss)
    HEAP                                     0x20000130   Section      512  startup_stm32f40_41xxx.o(HEAP)
    Heap_Mem                                 0x20000130   Data         512  startup_stm32f40_41xxx.o(HEAP)
    STACK                                    0x20000330   Section    24576  startup_stm32f40_41xxx.o(STACK)
    Stack_Mem                                0x20000330   Data       24576  startup_stm32f40_41xxx.o(STACK)
    __initial_sp                             0x20006330   Data           0  startup_stm32f40_41xxx.o(STACK)

    Global Symbols

    Symbol Name                              Value     Ov Type        Size  Object(Section)

    BuildAttributes$$THM_ISAv4$E$P$D$K$B$S$7EM$VFPi3$EXTD16$VFPS$VFMA$PE$A:L22UL41UL21$X:L11$S22US41US21$IEEE1$IW$USESV6$~STKCKD$USESV7$~SHL$OTIME$ROPI$IEEEJ$EBA8$UX$STANDARDLIB$REQ8$PRES8$EABIv2 0x00000000   Number         0  anon$$obj.o ABSOLUTE
    __ARM_use_no_argv                        0x00000000   Number         0  main.o ABSOLUTE
    _printf_flags                            0x00000000   Number         0  printf_stubs.o ABSOLUTE
    _printf_return_value                     0x00000000   Number         0  printf_stubs.o ABSOLUTE
    _printf_sizespec                         0x00000000   Number         0  printf_stubs.o ABSOLUTE
    _printf_widthprec                        0x00000000   Number         0  printf_stubs.o ABSOLUTE
    __ARM_exceptions_init                     - Undefined Weak Reference
    __alloca_initialize                       - Undefined Weak Reference
    __arm_preinit_                            - Undefined Weak Reference
    __cpp_initialize__aeabi_                  - Undefined Weak Reference
    __cxa_finalize                            - Undefined Weak Reference
    __sigvec_lookup                           - Undefined Weak Reference
    _atexit_init                              - Undefined Weak Reference
    _call_atexit_fns                          - Undefined Weak Reference
    _clock_init                               - Undefined Weak Reference
    _fp_trap_init                             - Undefined Weak Reference
    _fp_trap_shutdown                         - Undefined Weak Reference
    _get_lc_collate                           - Undefined Weak Reference
    _get_lc_monetary                          - Undefined Weak Reference
    _get_lc_time                              - Undefined Weak Reference
    _getenv_init                              - Undefined Weak Reference
    _handle_redirection                       - Undefined Weak Reference
    _init_alloc                               - Undefined Weak Reference
    _init_user_alloc                          - Undefined Weak Reference
    _initio                                   - Undefined Weak Reference
    _printf_mbtowc                            - Undefined Weak Reference
    _printf_wc                                - Undefined Weak Reference
    _rand_init                                - Undefined Weak Reference
    _signal_finish                            - Undefined Weak Reference
    _signal_init                              - Undefined Weak Reference
    _terminate_alloc                          - Undefined Weak Reference
    _terminate_user_alloc                     - Undefined Weak Reference
    _terminateio                              - Undefined Weak Reference
    __Vectors_Size                           0x00000188   Number         0  startup_stm32f40_41xxx.o ABSOLUTE
    __Vectors                                0x08000000   Data           4  startup_stm32f40_41xxx.o(RESET)
    __Vectors_End                            0x08000188   Data           0  startup_stm32f40_41xxx.o(RESET)
    __main                                   0x08000189   Thumb Code     8  __main.o(!!!main)
    __scatterload                            0x08000191   Thumb Code     0  __scatter.o(!!!scatter)
    __scatterload_rt2                        0x08000191   Thumb Code    44  __scatter.o(!!!scatter)
    __scatterload_rt2_thumb_only             0x08000191   Thumb Code     0  __scatter.o(!!!scatter)
    __scatterload_null                       0x0800019f   Thumb Code     0  __scatter.o(!!!scatter)
    __scatterload_copy                       0x080001c5   Thumb Code    26  __scatter_copy.o(!!handler_copy)
    __scatterload_zeroinit                   0x080001e1   Thumb Code    28  __scatter_zi.o(!!handler_zi)
    _printf_n                                0x080001fd   Thumb Code     0  _printf_n.o(.ARM.Collect$$_printf_percent$$00000001)
    _printf_percent                          0x080001fd   Thumb Code     0  _printf_percent.o(.ARM.Collect$$_printf_percent$$00000000)
    _printf_p                                0x08000203   Thumb Code     0  _printf_p.o(.ARM.Collect$$_printf_percent$$00000002)
    _printf_f                                0x08000209   Thumb Code     0  _printf_f.o(.ARM.Collect$$_printf_percent$$00000003)
    _printf_e                                0x0800020f   Thumb Code     0  _printf_e.o(.ARM.Collect$$_printf_percent$$00000004)
    _printf_g                                0x08000215   Thumb Code     0  _printf_g.o(.ARM.Collect$$_printf_percent$$00000005)
    _printf_a                                0x0800021b   Thumb Code     0  _printf_a.o(.ARM.Collect$$_printf_percent$$00000006)
    _printf_ll                               0x08000221   Thumb Code     0  _printf_ll.o(.ARM.Collect$$_printf_percent$$00000007)
    _printf_i                                0x0800022b   Thumb Code     0  _printf_i.o(.ARM.Collect$$_printf_percent$$00000008)
    _printf_d                                0x08000231   Thumb Code     0  _printf_d.o(.ARM.Collect$$_printf_percent$$00000009)
    _printf_u                                0x08000237   Thumb Code     0  _printf_u.o(.ARM.Collect$$_printf_percent$$0000000A)
    _printf_o                                0x0800023d   Thumb Code     0  _printf_o.o(.ARM.Collect$$_printf_percent$$0000000B)
    _printf_x                                0x08000243   Thumb Code     0  _printf_x.o(.ARM.Collect$$_printf_percent$$0000000C)
    _printf_lli                              0x08000249   Thumb Code     0  _printf_lli.o(.ARM.Collect$$_printf_percent$$0000000D)
    _printf_lld                              0x0800024f   Thumb Code     0  _printf_lld.o(.ARM.Collect$$_printf_percent$$0000000E)
    _printf_llu                              0x08000255   Thumb Code     0  _printf_llu.o(.ARM.Collect$$_printf_percent$$0000000F)
    _printf_llo                              0x0800025b   Thumb Code     0  _printf_llo.o(.ARM.Collect$$_printf_percent$$00000010)
    _printf_llx                              0x08000261   Thumb Code     0  _printf_llx.o(.ARM.Collect$$_printf_percent$$00000011)
    _printf_l                                0x08000267   Thumb Code     0  _printf_l.o(.ARM.Collect$$_printf_percent$$00000012)
    _printf_c                                0x08000271   Thumb Code     0  _printf_c.o(.ARM.Collect$$_printf_percent$$00000013)
    _printf_s                                0x08000277   Thumb Code     0  _printf_s.o(.ARM.Collect$$_printf_percent$$00000014)
    _printf_lc                               0x0800027d   Thumb Code     0  _printf_lc.o(.ARM.Collect$$_printf_percent$$00000015)
    _printf_ls                               0x08000283   Thumb Code     0  _printf_ls.o(.ARM.Collect$$_printf_percent$$00000016)
    _printf_percent_end                      0x08000289   Thumb Code     0  _printf_percent_end.o(.ARM.Collect$$_printf_percent$$00000017)
    __rt_lib_init                            0x0800028d   Thumb Code     0  libinit.o(.ARM.Collect$$libinit$$00000000)
    __rt_lib_init_fp_1                       0x0800028f   Thumb Code     0  libinit2.o(.ARM.Collect$$libinit$$00000001)
    __rt_lib_init_heap_1                     0x08000293   Thumb Code     0  libinit2.o(.ARM.Collect$$libinit$$0000000A)
    __rt_lib_init_lc_common                  0x08000293   Thumb Code     0  libinit2.o(.ARM.Collect$$libinit$$0000000F)
    __rt_lib_init_preinit_1                  0x08000293   Thumb Code     0  libinit2.o(.ARM.Collect$$libinit$$00000004)
    __rt_lib_init_rand_1                     0x08000293   Thumb Code     0  libinit2.o(.ARM.Collect$$libinit$$0000000E)
    __rt_lib_init_user_alloc_1               0x08000293   Thumb Code     0  libinit2.o(.ARM.Collect$$libinit$$0000000C)
    __rt_lib_init_lc_collate_1               0x08000299   Thumb Code     0  libinit2.o(.ARM.Collect$$libinit$$00000011)
    __rt_lib_init_lc_ctype_2                 0x08000299   Thumb Code     0  libinit2.o(.ARM.Collect$$libinit$$00000012)
    __rt_lib_init_lc_ctype_1                 0x080002a5   Thumb Code     0  libinit2.o(.ARM.Collect$$libinit$$00000013)
    __rt_lib_init_lc_monetary_1              0x080002a5   Thumb Code     0  libinit2.o(.ARM.Collect$$libinit$$00000015)
    __rt_lib_init_lc_numeric_2               0x080002a5   Thumb Code     0  libinit2.o(.ARM.Collect$$libinit$$00000016)
    __rt_lib_init_alloca_1                   0x080002af   Thumb Code     0  libinit2.o(.ARM.Collect$$libinit$$0000002E)
    __rt_lib_init_argv_1                     0x080002af   Thumb Code     0  libinit2.o(.ARM.Collect$$libinit$$0000002C)
    __rt_lib_init_atexit_1                   0x080002af   Thumb Code     0  libinit2.o(.ARM.Collect$$libinit$$0000001B)
    __rt_lib_init_clock_1                    0x080002af   Thumb Code     0  libinit2.o(.ARM.Collect$$libinit$$00000021)
    __rt_lib_init_cpp_1                      0x080002af   Thumb Code     0  libinit2.o(.ARM.Collect$$libinit$$00000032)
    __rt_lib_init_exceptions_1               0x080002af   Thumb Code     0  libinit2.o(.ARM.Collect$$libinit$$00000030)
    __rt_lib_init_fp_trap_1                  0x080002af   Thumb Code     0  libinit2.o(.ARM.Collect$$libinit$$0000001F)
    __rt_lib_init_getenv_1                   0x080002af   Thumb Code     0  libinit2.o(.ARM.Collect$$libinit$$00000023)
    __rt_lib_init_lc_numeric_1               0x080002af   Thumb Code     0  libinit2.o(.ARM.Collect$$libinit$$00000017)
    __rt_lib_init_lc_time_1                  0x080002af   Thumb Code     0  libinit2.o(.ARM.Collect$$libinit$$00000019)
    __rt_lib_init_return                     0x080002af   Thumb Code     0  libinit2.o(.ARM.Collect$$libinit$$00000033)
    __rt_lib_init_signal_1                   0x080002af   Thumb Code     0  libinit2.o(.ARM.Collect$$libinit$$0000001D)
    __rt_lib_init_stdio_1                    0x080002af   Thumb Code     0  libinit2.o(.ARM.Collect$$libinit$$00000025)
    __rt_lib_shutdown                        0x080002b1   Thumb Code     0  libshutdown.o(.ARM.Collect$$libshutdown$$00000000)
    __rt_lib_shutdown_cpp_1                  0x080002b3   Thumb Code     0  libshutdown2.o(.ARM.Collect$$libshutdown$$00000002)
    __rt_lib_shutdown_fp_trap_1              0x080002b3   Thumb Code     0  libshutdown2.o(.ARM.Collect$$libshutdown$$00000007)
    __rt_lib_shutdown_heap_1                 0x080002b3   Thumb Code     0  libshutdown2.o(.ARM.Collect$$libshutdown$$0000000F)
    __rt_lib_shutdown_return                 0x080002b3   Thumb Code     0  libshutdown2.o(.ARM.Collect$$libshutdown$$00000010)
    __rt_lib_shutdown_signal_1               0x080002b3   Thumb Code     0  libshutdown2.o(.ARM.Collect$$libshutdown$$0000000A)
    __rt_lib_shutdown_stdio_1                0x080002b3   Thumb Code     0  libshutdown2.o(.ARM.Collect$$libshutdown$$00000004)
    __rt_lib_shutdown_user_alloc_1           0x080002b3   Thumb Code     0  libshutdown2.o(.ARM.Collect$$libshutdown$$0000000C)
    __rt_entry                               0x080002b5   Thumb Code     0  __rtentry.o(.ARM.Collect$$rtentry$$00000000)
    __rt_entry_presh_1                       0x080002b5   Thumb Code     0  __rtentry2.o(.ARM.Collect$$rtentry$$00000002)
    __rt_entry_sh                            0x080002b5   Thumb Code     0  __rtentry4.o(.ARM.Collect$$rtentry$$00000004)
    __rt_entry_li                            0x080002bb   Thumb Code     0  __rtentry2.o(.ARM.Collect$$rtentry$$0000000A)
    __rt_entry_postsh_1                      0x080002bb   Thumb Code     0  __rtentry2.o(.ARM.Collect$$rtentry$$00000009)
    __rt_entry_main                          0x080002bf   Thumb Code     0  __rtentry2.o(.ARM.Collect$$rtentry$$0000000D)
    __rt_entry_postli_1                      0x080002bf   Thumb Code     0  __rtentry2.o(.ARM.Collect$$rtentry$$0000000C)
    __rt_exit                                0x080002c7   Thumb Code     0  rtexit.o(.ARM.Collect$$rtexit$$00000000)
    __rt_exit_ls                             0x080002c9   Thumb Code     0  rtexit2.o(.ARM.Collect$$rtexit$$00000003)
    __rt_exit_prels_1                        0x080002c9   Thumb Code     0  rtexit2.o(.ARM.Collect$$rtexit$$00000002)
    __rt_exit_exit                           0x080002cd   Thumb Code     0  rtexit2.o(.ARM.Collect$$rtexit$$00000004)
    Reset_Handler                            0x080002d5   Thumb Code     8  startup_stm32f40_41xxx.o(.text)
    ADC_IRQHandler                           0x080002ef   Thumb Code     0  startup_stm32f40_41xxx.o(.text)
    CAN1_RX0_IRQHandler                      0x080002ef   Thumb Code     0  startup_stm32f40_41xxx.o(.text)
    CAN1_RX1_IRQHandler                      0x080002ef   Thumb Code     0  startup_stm32f40_41xxx.o(.text)
    CAN1_SCE_IRQHandler                      0x080002ef   Thumb Code     0  startup_stm32f40_41xxx.o(.text)
    CAN1_TX_IRQHandler                       0x080002ef   Thumb Code     0  startup_stm32f40_41xxx.o(.text)
    CAN2_RX0_IRQHandler                      0x080002ef   Thumb Code     0  startup_stm32f40_41xxx.o(.text)
    CAN2_RX1_IRQHandler                      0x080002ef   Thumb Code     0  startup_stm32f40_41xxx.o(.text)
    CAN2_SCE_IRQHandler                      0x080002ef   Thumb Code     0  startup_stm32f40_41xxx.o(.text)
    CAN2_TX_IRQHandler                       0x080002ef   Thumb Code     0  startup_stm32f40_41xxx.o(.text)
    CRYP_IRQHandler                          0x080002ef   Thumb Code     0  startup_stm32f40_41xxx.o(.text)
    DCMI_IRQHandler                          0x080002ef   Thumb Code     0  startup_stm32f40_41xxx.o(.text)
    DMA1_Stream0_IRQHandler                  0x080002ef   Thumb Code     0  startup_stm32f40_41xxx.o(.text)
    DMA1_Stream1_IRQHandler                  0x080002ef   Thumb Code     0  startup_stm32f40_41xxx.o(.text)
    DMA1_Stream2_IRQHandler                  0x080002ef   Thumb Code     0  startup_stm32f40_41xxx.o(.text)
    DMA1_Stream3_IRQHandler                  0x080002ef   Thumb Code     0  startup_stm32f40_41xxx.o(.text)
    DMA1_Stream4_IRQHandler                  0x080002ef   Thumb Code     0  startup_stm32f40_41xxx.o(.text)
    DMA1_Stream5_IRQHandler                  0x080002ef   Thumb Code     0  startup_stm32f40_41xxx.o(.text)
    DMA1_Stream6_IRQHandler                  0x080002ef   Thumb Code     0  startup_stm32f40_41xxx.o(.text)
    DMA1_Stream7_IRQHandler                  0x080002ef   Thumb Code     0  startup_stm32f40_41xxx.o(.text)
    DMA2_Stream0_IRQHandler                  0x080002ef   Thumb Code     0  startup_stm32f40_41xxx.o(.text)
    DMA2_Stream1_IRQHandler                  0x080002ef   Thumb Code     0  startup_stm32f40_41xxx.o(.text)
    DMA2_Stream2_IRQHandler                  0x080002ef   Thumb Code     0  startup_stm32f40_41xxx.o(.text)
    DMA2_Stream3_IRQHandler                  0x080002ef   Thumb Code     0  startup_stm32f40_41xxx.o(.text)
    DMA2_Stream4_IRQHandler                  0x080002ef   Thumb Code     0  startup_stm32f40_41xxx.o(.text)
    DMA2_Stream5_IRQHandler                  0x080002ef   Thumb Code     0  startup_stm32f40_41xxx.o(.text)
    DMA2_Stream6_IRQHandler                  0x080002ef   Thumb Code     0  startup_stm32f40_41xxx.o(.text)
    DMA2_Stream7_IRQHandler                  0x080002ef   Thumb Code     0  startup_stm32f40_41xxx.o(.text)
    ETH_IRQHandler                           0x080002ef   Thumb Code     0  startup_stm32f40_41xxx.o(.text)
    ETH_WKUP_IRQHandler                      0x080002ef   Thumb Code     0  startup_stm32f40_41xxx.o(.text)
    EXTI0_IRQHandler                         0x080002ef   Thumb Code     0  startup_stm32f40_41xxx.o(.text)
    EXTI15_10_IRQHandler                     0x080002ef   Thumb Code     0  startup_stm32f40_41xxx.o(.text)
    EXTI1_IRQHandler                         0x080002ef   Thumb Code     0  startup_stm32f40_41xxx.o(.text)
    EXTI2_IRQHandler                         0x080002ef   Thumb Code     0  startup_stm32f40_41xxx.o(.text)
    EXTI3_IRQHandler                         0x080002ef   Thumb Code     0  startup_stm32f40_41xxx.o(.text)
    EXTI4_IRQHandler                         0x080002ef   Thumb Code     0  startup_stm32f40_41xxx.o(.text)
    EXTI9_5_IRQHandler                       0x080002ef   Thumb Code     0  startup_stm32f40_41xxx.o(.text)
    FLASH_IRQHandler                         0x080002ef   Thumb Code     0  startup_stm32f40_41xxx.o(.text)
    FPU_IRQHandler                           0x080002ef   Thumb Code     0  startup_stm32f40_41xxx.o(.text)
    FSMC_IRQHandler                          0x080002ef   Thumb Code     0  startup_stm32f40_41xxx.o(.text)
    HASH_RNG_IRQHandler                      0x080002ef   Thumb Code     0  startup_stm32f40_41xxx.o(.text)
    I2C1_ER_IRQHandler                       0x080002ef   Thumb Code     0  startup_stm32f40_41xxx.o(.text)
    I2C1_EV_IRQHandler                       0x080002ef   Thumb Code     0  startup_stm32f40_41xxx.o(.text)
    I2C2_ER_IRQHandler                       0x080002ef   Thumb Code     0  startup_stm32f40_41xxx.o(.text)
    I2C2_EV_IRQHandler                       0x080002ef   Thumb Code     0  startup_stm32f40_41xxx.o(.text)
    I2C3_ER_IRQHandler                       0x080002ef   Thumb Code     0  startup_stm32f40_41xxx.o(.text)
    I2C3_EV_IRQHandler                       0x080002ef   Thumb Code     0  startup_stm32f40_41xxx.o(.text)
    OTG_FS_IRQHandler                        0x080002ef   Thumb Code     0  startup_stm32f40_41xxx.o(.text)
    OTG_FS_WKUP_IRQHandler                   0x080002ef   Thumb Code     0  startup_stm32f40_41xxx.o(.text)
    OTG_HS_EP1_IN_IRQHandler                 0x080002ef   Thumb Code     0  startup_stm32f40_41xxx.o(.text)
    OTG_HS_EP1_OUT_IRQHandler                0x080002ef   Thumb Code     0  startup_stm32f40_41xxx.o(.text)
    OTG_HS_IRQHandler                        0x080002ef   Thumb Code     0  startup_stm32f40_41xxx.o(.text)
    OTG_HS_WKUP_IRQHandler                   0x080002ef   Thumb Code     0  startup_stm32f40_41xxx.o(.text)
    PVD_IRQHandler                           0x080002ef   Thumb Code     0  startup_stm32f40_41xxx.o(.text)
    RCC_IRQHandler                           0x080002ef   Thumb Code     0  startup_stm32f40_41xxx.o(.text)
    RTC_Alarm_IRQHandler                     0x080002ef   Thumb Code     0  startup_stm32f40_41xxx.o(.text)
    RTC_WKUP_IRQHandler                      0x080002ef   Thumb Code     0  startup_stm32f40_41xxx.o(.text)
    SDIO_IRQHandler                          0x080002ef   Thumb Code     0  startup_stm32f40_41xxx.o(.text)
    SPI1_IRQHandler                          0x080002ef   Thumb Code     0  startup_stm32f40_41xxx.o(.text)
    SPI2_IRQHandler                          0x080002ef   Thumb Code     0  startup_stm32f40_41xxx.o(.text)
    SPI3_IRQHandler                          0x080002ef   Thumb Code     0  startup_stm32f40_41xxx.o(.text)
    TAMP_STAMP_IRQHandler                    0x080002ef   Thumb Code     0  startup_stm32f40_41xxx.o(.text)
    TIM1_BRK_TIM9_IRQHandler                 0x080002ef   Thumb Code     0  startup_stm32f40_41xxx.o(.text)
    TIM1_CC_IRQHandler                       0x080002ef   Thumb Code     0  startup_stm32f40_41xxx.o(.text)
    TIM1_TRG_COM_TIM11_IRQHandler            0x080002ef   Thumb Code     0  startup_stm32f40_41xxx.o(.text)
    TIM1_UP_TIM10_IRQHandler                 0x080002ef   Thumb Code     0  startup_stm32f40_41xxx.o(.text)
    TIM2_IRQHandler                          0x080002ef   Thumb Code     0  startup_stm32f40_41xxx.o(.text)
    TIM3_IRQHandler                          0x080002ef   Thumb Code     0  startup_stm32f40_41xxx.o(.text)
    TIM4_IRQHandler                          0x080002ef   Thumb Code     0  startup_stm32f40_41xxx.o(.text)
    TIM5_IRQHandler                          0x080002ef   Thumb Code     0  startup_stm32f40_41xxx.o(.text)
    TIM6_DAC_IRQHandler                      0x080002ef   Thumb Code     0  startup_stm32f40_41xxx.o(.text)
    TIM7_IRQHandler                          0x080002ef   Thumb Code     0  startup_stm32f40_41xxx.o(.text)
    TIM8_BRK_TIM12_IRQHandler                0x080002ef   Thumb Code     0  startup_stm32f40_41xxx.o(.text)
    TIM8_CC_IRQHandler                       0x080002ef   Thumb Code     0  startup_stm32f40_41xxx.o(.text)
    TIM8_TRG_COM_TIM14_IRQHandler            0x080002ef   Thumb Code     0  startup_stm32f40_41xxx.o(.text)
    TIM8_UP_TIM13_IRQHandler                 0x080002ef   Thumb Code     0  startup_stm32f40_41xxx.o(.text)
    UART5_IRQHandler                         0x080002ef   Thumb Code     0  startup_stm32f40_41xxx.o(.text)
    USART1_IRQHandler                        0x080002ef   Thumb Code     0  startup_stm32f40_41xxx.o(.text)
    USART2_IRQHandler                        0x080002ef   Thumb Code     0  startup_stm32f40_41xxx.o(.text)
    USART3_IRQHandler                        0x080002ef   Thumb Code     0  startup_stm32f40_41xxx.o(.text)
    USART6_IRQHandler                        0x080002ef   Thumb Code     0  startup_stm32f40_41xxx.o(.text)
    WWDG_IRQHandler                          0x080002ef   Thumb Code     0  startup_stm32f40_41xxx.o(.text)
    __user_initial_stackheap                 0x080002f1   Thumb Code     0  startup_stm32f40_41xxx.o(.text)
    vsprintf                                 0x08000315   Thumb Code    32  vsprintf.o(.text)
    atoi                                     0x08000339   Thumb Code    26  atoi.o(.text)
    __aeabi_memcpy                           0x08000353   Thumb Code     0  rt_memcpy_v6.o(.text)
    __rt_memcpy                              0x08000353   Thumb Code   138  rt_memcpy_v6.o(.text)
    _memcpy_lastbytes                        0x080003b9   Thumb Code     0  rt_memcpy_v6.o(.text)
    __aeabi_memclr4                          0x080003dd   Thumb Code     0  rt_memclr_w.o(.text)
    __aeabi_memclr8                          0x080003dd   Thumb Code     0  rt_memclr_w.o(.text)
    __rt_memclr_w                            0x080003dd   Thumb Code    78  rt_memclr_w.o(.text)
    _memset_w                                0x080003e1   Thumb Code     0  rt_memclr_w.o(.text)
    __use_two_region_memory                  0x0800042b   Thumb Code     2  heapauxi.o(.text)
    __rt_heap_escrow$2region                 0x0800042d   Thumb Code     2  heapauxi.o(.text)
    __rt_heap_expand$2region                 0x0800042f   Thumb Code     2  heapauxi.o(.text)
    __aeabi_errno_addr                       0x08000431   Thumb Code     8  rt_errno_addr_intlibspace.o(.text)
    __errno$intlibspace                      0x08000431   Thumb Code     0  rt_errno_addr_intlibspace.o(.text)
    __rt_errno_addr$intlibspace              0x08000431   Thumb Code     0  rt_errno_addr_intlibspace.o(.text)
    _printf_pre_padding                      0x08000439   Thumb Code    44  _printf_pad.o(.text)
    _printf_post_padding                     0x08000465   Thumb Code    34  _printf_pad.o(.text)
    _printf_truncate_signed                  0x08000487   Thumb Code    18  _printf_truncate.o(.text)
    _printf_truncate_unsigned                0x08000499   Thumb Code    18  _printf_truncate.o(.text)
    _printf_str                              0x080004ab   Thumb Code    82  _printf_str.o(.text)
    _printf_int_dec                          0x080004fd   Thumb Code   104  _printf_dec.o(.text)
    _printf_charcount                        0x08000575   Thumb Code    40  _printf_charcount.o(.text)
    _printf_char_common                      0x080005a7   Thumb Code    32  _printf_char_common.o(.text)
    _sputc                                   0x080005cd   Thumb Code    10  _sputc.o(.text)
    _printf_wctomb                           0x080005d9   Thumb Code   182  _printf_wctomb.o(.text)
    _printf_longlong_dec                     0x08000695   Thumb Code   108  _printf_longlong_dec.o(.text)
    _printf_longlong_oct                     0x08000711   Thumb Code    66  _printf_oct_int_ll.o(.text)
    _printf_int_oct                          0x08000753   Thumb Code    24  _printf_oct_int_ll.o(.text)
    _printf_ll_oct                           0x0800076b   Thumb Code    12  _printf_oct_int_ll.o(.text)
    _printf_longlong_hex                     0x08000781   Thumb Code    86  _printf_hex_int_ll_ptr.o(.text)
    _printf_int_hex                          0x080007d7   Thumb Code    28  _printf_hex_int_ll_ptr.o(.text)
    _printf_ll_hex                           0x080007f3   Thumb Code    12  _printf_hex_int_ll_ptr.o(.text)
    _printf_hex_ptr                          0x080007ff   Thumb Code    18  _printf_hex_int_ll_ptr.o(.text)
    __printf                                 0x08000815   Thumb Code   388  __printf_flags_ss_wp.o(.text)
    strtol                                   0x0800099d   Thumb Code   112  strtol.o(.text)
    __aeabi_memcpy4                          0x08000a0d   Thumb Code     0  rt_memcpy_w.o(.text)
    __aeabi_memcpy8                          0x08000a0d   Thumb Code     0  rt_memcpy_w.o(.text)
    __rt_memcpy_w                            0x08000a0d   Thumb Code   100  rt_memcpy_w.o(.text)
    _memcpy_lastbytes_aligned                0x08000a55   Thumb Code     0  rt_memcpy_w.o(.text)
    __user_libspace                          0x08000a71   Thumb Code     8  libspace.o(.text)
    __user_perproc_libspace                  0x08000a71   Thumb Code     0  libspace.o(.text)
    __user_perthread_libspace                0x08000a71   Thumb Code     0  libspace.o(.text)
    __rt_ctype_table                         0x08000a79   Thumb Code    16  rt_ctype_table.o(.text)
    _ll_udiv10                               0x08000a89   Thumb Code   138  lludiv10.o(.text)
    _printf_int_common                       0x08000b13   Thumb Code   178  _printf_intcommon.o(.text)
    __lib_sel_fp_printf                      0x08000bc5   Thumb Code     2  _printf_fp_dec.o(.text)
    _printf_fp_dec_real                      0x08000d73   Thumb Code   620  _printf_fp_dec.o(.text)
    _printf_fp_hex_real                      0x08000fe1   Thumb Code   756  _printf_fp_hex.o(.text)
    _printf_cs_common                        0x080012dd   Thumb Code    20  _printf_char.o(.text)
    _printf_char                             0x080012f1   Thumb Code    16  _printf_char.o(.text)
    _printf_string                           0x08001301   Thumb Code     8  _printf_char.o(.text)
    _printf_lcs_common                       0x08001309   Thumb Code    20  _printf_wchar.o(.text)
    _printf_wchar                            0x0800131d   Thumb Code    16  _printf_wchar.o(.text)
    _printf_wstring                          0x0800132d   Thumb Code     8  _printf_wchar.o(.text)
    _strtoul                                 0x08001335   Thumb Code   158  _strtoul.o(.text)
    _wcrtomb                                 0x080013d3   Thumb Code    64  _wcrtomb.o(.text)
    __user_setup_stackheap                   0x08001413   Thumb Code    74  sys_stackheap_outer.o(.text)
    __rt_locale                              0x0800145d   Thumb Code     8  rt_locale_intlibspace.o(.text)
    _printf_fp_infnan                        0x08001465   Thumb Code   112  _printf_fp_infnan.o(.text)
    _chval                                   0x080014e5   Thumb Code    28  _chval.o(.text)
    _btod_etento                             0x08001501   Thumb Code   216  bigflt0.o(.text)
    exit                                     0x080015dd   Thumb Code    18  exit.o(.text)
    strcmp                                   0x080015f1   Thumb Code   128  strcmpv7m.o(.text)
    _sys_exit                                0x08001671   Thumb Code     8  sys_exit.o(.text)
    __I$use$semihosting                      0x0800167d   Thumb Code     0  use_no_semi.o(.text)
    __use_no_semihosting_swi                 0x0800167d   Thumb Code     2  use_no_semi.o(.text)
    __semihosting_library_function           0x0800167f   Thumb Code     0  indicate_semi.o(.text)
    _btod_d2e                                0x0800167f   Thumb Code    62  btod.o(CL$$btod_d2e)
    _d2e_denorm_low                          0x080016bd   Thumb Code    70  btod.o(CL$$btod_d2e_denorm_low)
    _d2e_norm_op1                            0x08001703   Thumb Code    96  btod.o(CL$$btod_d2e_norm_op1)
    __btod_div_common                        0x08001763   Thumb Code   696  btod.o(CL$$btod_div_common)
    _e2e                                     0x08001a9b   Thumb Code   198  btod.o(CL$$btod_e2e)
    _btod_ediv                               0x08001b61   Thumb Code    40  btod.o(CL$$btod_ediv)
    _btod_emul                               0x08001b89   Thumb Code    40  btod.o(CL$$btod_emul)
    __btod_mult_common                       0x08001bb1   Thumb Code   580  btod.o(CL$$btod_mult_common)
    BusFault_Handler                         0x08001df5   Thumb Code     4  stm32f4xx_it.o(i.BusFault_Handler)
    DebugMon_Handler                         0x08001df9   Thumb Code     2  stm32f4xx_it.o(i.DebugMon_Handler)
    FSMC_NORSRAMCmd                          0x08001dfd   Thumb Code    46  stm32f4xx_fsmc.o(i.FSMC_NORSRAMCmd)
    FSMC_NORSRAMInit                         0x08001e31   Thumb Code   230  stm32f4xx_fsmc.o(i.FSMC_NORSRAMInit)
    GPIO_Init                                0x08001f17   Thumb Code   144  stm32f4xx_gpio.o(i.GPIO_Init)
    GPIO_PinAFConfig                         0x08001fa7   Thumb Code    70  stm32f4xx_gpio.o(i.GPIO_PinAFConfig)
    GPIO_ReadInputDataBit                    0x08001fed   Thumb Code    18  stm32f4xx_gpio.o(i.GPIO_ReadInputDataBit)
    GPIO_ResetBits                           0x08001fff   Thumb Code     4  stm32f4xx_gpio.o(i.GPIO_ResetBits)
    GPIO_SetBits                             0x08002003   Thumb Code     4  stm32f4xx_gpio.o(i.GPIO_SetBits)
    HardFault_Handler                        0x08002007   Thumb Code     4  stm32f4xx_it.o(i.HardFault_Handler)
    IWDG_ReloadCounter                       0x0800200d   Thumb Code    10  stm32f4xx_iwdg.o(i.IWDG_ReloadCounter)
    MemManage_Handler                        0x0800201d   Thumb Code     4  stm32f4xx_it.o(i.MemManage_Handler)
    NMI_Handler                              0x08002021   Thumb Code     2  stm32f4xx_it.o(i.NMI_Handler)
    NVIC_Init                                0x08002025   Thumb Code   106  misc.o(i.NVIC_Init)
    NVIC_PriorityGroupConfig                 0x0800209d   Thumb Code    10  misc.o(i.NVIC_PriorityGroupConfig)
    PendSV_Handler                           0x080020b1   Thumb Code     2  stm32f4xx_it.o(i.PendSV_Handler)
    RCC_AHB1PeriphClockCmd                   0x080020b5   Thumb Code    26  stm32f4xx_rcc.o(i.RCC_AHB1PeriphClockCmd)
    RCC_AHB3PeriphClockCmd                   0x080020d5   Thumb Code    26  stm32f4xx_rcc.o(i.RCC_AHB3PeriphClockCmd)
    RCC_APB1PeriphClockCmd                   0x080020f5   Thumb Code    26  stm32f4xx_rcc.o(i.RCC_APB1PeriphClockCmd)
    RCC_APB1PeriphResetCmd                   0x08002115   Thumb Code    26  stm32f4xx_rcc.o(i.RCC_APB1PeriphResetCmd)
    RCC_APB2PeriphResetCmd                   0x08002135   Thumb Code    26  stm32f4xx_rcc.o(i.RCC_APB2PeriphResetCmd)
    RCC_GetClocksFreq                        0x08002155   Thumb Code   214  stm32f4xx_rcc.o(i.RCC_GetClocksFreq)
    SVC_Handler                              0x0800223d   Thumb Code     2  stm32f4xx_it.o(i.SVC_Handler)
    SysTick_Handler                          0x0800232d   Thumb Code    72  systick.o(i.SysTick_Handler)
    SystemInit                               0x08002389   Thumb Code    88  system_stm32f4xx.o(i.SystemInit)
    UART4_IRQHandler                         0x080023f1   Thumb Code   144  usart.o(i.UART4_IRQHandler)
    USART_Cmd                                0x0800249d   Thumb Code    24  stm32f4xx_usart.o(i.USART_Cmd)
    USART_DeInit                             0x080024b5   Thumb Code   206  stm32f4xx_usart.o(i.USART_DeInit)
    USART_GetFlagStatus                      0x080025a5   Thumb Code    26  stm32f4xx_usart.o(i.USART_GetFlagStatus)
    USART_ITConfig                           0x080025bf   Thumb Code    74  stm32f4xx_usart.o(i.USART_ITConfig)
    USART_Init                               0x08002609   Thumb Code   204  stm32f4xx_usart.o(i.USART_Init)
    USART_ReceiveData                        0x080026dd   Thumb Code    10  stm32f4xx_usart.o(i.USART_ReceiveData)
    USART_SendData                           0x080026e7   Thumb Code     8  stm32f4xx_usart.o(i.USART_SendData)
    UsageFault_Handler                       0x080026ef   Thumb Code     4  stm32f4xx_it.o(i.UsageFault_Handler)
    __ARM_fpclassify                         0x080026f3   Thumb Code    48  fpclassify.o(i.__ARM_fpclassify)
    _is_digit                                0x08002723   Thumb Code    14  __printf_wp.o(i._is_digit)
    alarm_task                               0x08002731   Thumb Code   176  alarm_task.o(i.alarm_task)
    alarm_task_init                          0x080027f1   Thumb Code    20  alarm_task.o(i.alarm_task_init)
    comm_task                                0x0800280d   Thumb Code   422  comm_task.o(i.comm_task)
    comm_task_init                           0x080029ed   Thumb Code    28  comm_task.o(i.comm_task_init)
    main                                     0x08002dd9   Thumb Code    62  main.o(i.main)
    sch_scheduler                            0x08002e5f   Thumb Code    16  scheduler.o(i.sch_scheduler)
    sch_scheduler_init                       0x08002e6f   Thumb Code    16  scheduler.o(i.sch_scheduler_init)
    timing_task                              0x08002ef9   Thumb Code     2  timing_task.o(i.timing_task)
    timing_task_init                         0x08002efb   Thumb Code     2  timing_task.o(i.timing_task_init)
    uart_init                                0x08002efd   Thumb Code    16  comm_task.o(i.uart_init)
    _get_lc_ctype                            0x08002f19   Thumb Code    44  lc_ctype_c.o(locale$$code)
    _get_lc_numeric                          0x08002f45   Thumb Code    44  lc_numeric_c.o(locale$$code)
    _fp_init                                 0x08002f71   Thumb Code    10  fpinit.o(x$fpl$fpinit)
    __fplib_config_fpu_vfp                   0x08002f79   Thumb Code     0  fpinit.o(x$fpl$fpinit)
    __fplib_config_pureend_doubles           0x08002f79   Thumb Code     0  fpinit.o(x$fpl$fpinit)
    _printf_fp_dec                           0x08002f7b   Thumb Code     4  printf1.o(x$fpl$printf1)
    _printf_fp_hex                           0x08002f7f   Thumb Code     4  printf2.o(x$fpl$printf2)
    __I$use$fp                               0x08002f82   Number         0  usenofp.o(x$fpl$usenofp)
    Region$$Table$$Base                      0x08003080   Number         0  anon$$obj.o(Region$$Table)
    Region$$Table$$Limit                     0x080030a0   Number         0  anon$$obj.o(Region$$Table)
    __ctype                                  0x080030ad   Data           0  lc_ctype_c.o(locale$$data)
    gl_sys_tick                              0x20000000   Data           4  variable.o(.data)
    gl_dly_tick                              0x20000004   Data           4  variable.o(.data)
    msg_buf_valid                            0x20000008   Data           4  variable.o(.data)
    recv_state                               0x2000000c   Data           4  variable.o(.data)
    recv_timer                               0x20000010   Data           4  variable.o(.data)
    recv_ctr                                 0x20000014   Data           4  variable.o(.data)
    led_flash_tick                           0x20000018   Data           4  variable.o(.data)
    led_flash_pn                             0x2000001c   Data           4  variable.o(.data)
    gVoltage_Ampl                            0x20000020   Data           2  variable.o(.data)
    gPulse_width                             0x20000022   Data           2  variable.o(.data)
    gPulse_period                            0x20000024   Data           2  variable.o(.data)
    gSamples_K                               0x20000028   Data           4  variable.o(.data)
    gExec_flag                               0x2000002c   Data           4  variable.o(.data)
    led                                      0x20000030   Data           4  led.o(.data)
    fsmc                                     0x20000034   Data           4  fsmc.o(.data)
    fpga_flag                                0x20000038   Data           4  fpga_flag.o(.data)
    iwdg                                     0x2000003c   Data           8  iwdg.o(.data)
    usart4                                   0x20000044   Data          20  usart.o(.data)
    systick                                  0x20000058   Data           4  systick.o(.data)
    SystemCoreClock                          0x2000005c   Data           4  system_stm32f4xx.o(.data)
    AHBPrescTable                            0x20000060   Data          16  system_stm32f4xx.o(.data)
    msg_buf                                  0x20000084   Data          30  variable.o(.bss)
    recv_buf                                 0x200000a2   Data          30  variable.o(.bss)
    led_light_mode                           0x200000c0   Data          12  variable.o(.bss)
    __libspace_start                         0x200000cc   Data          96  libspace.o(.bss)
    __temporary_stack_top$libspace           0x2000012c   Data           0  libspace.o(.bss)



==============================================================================

Memory Map of the image

  Image Entry point : 0x08000189

  Load Region LR_IROM1 (Base: 0x08000000, Size: 0x00003250, Max: 0x00100000, ABSOLUTE)

    Execution Region ER_IROM1 (Base: 0x08000000, Size: 0x000031cc, Max: 0x00100000, ABSOLUTE)

    Base Addr    Size         Type   Attr      Idx    E Section Name        Object

    0x08000000   0x00000188   Data   RO            3    RESET               startup_stm32f40_41xxx.o
    0x08000188   0x00000008   Code   RO         1592  * !!!main             c_w.l(__main.o)
    0x08000190   0x00000034   Code   RO         1926    !!!scatter          c_w.l(__scatter.o)
    0x080001c4   0x0000001a   Code   RO         1928    !!handler_copy      c_w.l(__scatter_copy.o)
    0x080001de   0x00000002   PAD
    0x080001e0   0x0000001c   Code   RO         1930    !!handler_zi        c_w.l(__scatter_zi.o)
    0x080001fc   0x00000000   Code   RO         1681    .ARM.Collect$$_printf_percent$$00000000  c_w.l(_printf_percent.o)
    0x080001fc   0x00000006   Code   RO         1670    .ARM.Collect$$_printf_percent$$00000001  c_w.l(_printf_n.o)
    0x08000202   0x00000006   Code   RO         1672    .ARM.Collect$$_printf_percent$$00000002  c_w.l(_printf_p.o)
    0x08000208   0x00000006   Code   RO         1677    .ARM.Collect$$_printf_percent$$00000003  c_w.l(_printf_f.o)
    0x0800020e   0x00000006   Code   RO         1678    .ARM.Collect$$_printf_percent$$00000004  c_w.l(_printf_e.o)
    0x08000214   0x00000006   Code   RO         1679    .ARM.Collect$$_printf_percent$$00000005  c_w.l(_printf_g.o)
    0x0800021a   0x00000006   Code   RO         1680    .ARM.Collect$$_printf_percent$$00000006  c_w.l(_printf_a.o)
    0x08000220   0x0000000a   Code   RO         1685    .ARM.Collect$$_printf_percent$$00000007  c_w.l(_printf_ll.o)
    0x0800022a   0x00000006   Code   RO         1674    .ARM.Collect$$_printf_percent$$00000008  c_w.l(_printf_i.o)
    0x08000230   0x00000006   Code   RO         1675    .ARM.Collect$$_printf_percent$$00000009  c_w.l(_printf_d.o)
    0x08000236   0x00000006   Code   RO         1676    .ARM.Collect$$_printf_percent$$0000000A  c_w.l(_printf_u.o)
    0x0800023c   0x00000006   Code   RO         1673    .ARM.Collect$$_printf_percent$$0000000B  c_w.l(_printf_o.o)
    0x08000242   0x00000006   Code   RO         1671    .ARM.Collect$$_printf_percent$$0000000C  c_w.l(_printf_x.o)
    0x08000248   0x00000006   Code   RO         1682    .ARM.Collect$$_printf_percent$$0000000D  c_w.l(_printf_lli.o)
    0x0800024e   0x00000006   Code   RO         1683    .ARM.Collect$$_printf_percent$$0000000E  c_w.l(_printf_lld.o)
    0x08000254   0x00000006   Code   RO         1684    .ARM.Collect$$_printf_percent$$0000000F  c_w.l(_printf_llu.o)
    0x0800025a   0x00000006   Code   RO         1689    .ARM.Collect$$_printf_percent$$00000010  c_w.l(_printf_llo.o)
    0x08000260   0x00000006   Code   RO         1690    .ARM.Collect$$_printf_percent$$00000011  c_w.l(_printf_llx.o)
    0x08000266   0x0000000a   Code   RO         1686    .ARM.Collect$$_printf_percent$$00000012  c_w.l(_printf_l.o)
    0x08000270   0x00000006   Code   RO         1668    .ARM.Collect$$_printf_percent$$00000013  c_w.l(_printf_c.o)
    0x08000276   0x00000006   Code   RO         1669    .ARM.Collect$$_printf_percent$$00000014  c_w.l(_printf_s.o)
    0x0800027c   0x00000006   Code   RO         1687    .ARM.Collect$$_printf_percent$$00000015  c_w.l(_printf_lc.o)
    0x08000282   0x00000006   Code   RO         1688    .ARM.Collect$$_printf_percent$$00000016  c_w.l(_printf_ls.o)
    0x08000288   0x00000004   Code   RO         1738    .ARM.Collect$$_printf_percent$$00000017  c_w.l(_printf_percent_end.o)
    0x0800028c   0x00000002   Code   RO         1792    .ARM.Collect$$libinit$$00000000  c_w.l(libinit.o)
    0x0800028e   0x00000004   Code   RO         1802    .ARM.Collect$$libinit$$00000001  c_w.l(libinit2.o)
    0x08000292   0x00000000   Code   RO         1805    .ARM.Collect$$libinit$$00000004  c_w.l(libinit2.o)
    0x08000292   0x00000000   Code   RO         1808    .ARM.Collect$$libinit$$0000000A  c_w.l(libinit2.o)
    0x08000292   0x00000000   Code   RO         1810    .ARM.Collect$$libinit$$0000000C  c_w.l(libinit2.o)
    0x08000292   0x00000000   Code   RO         1812    .ARM.Collect$$libinit$$0000000E  c_w.l(libinit2.o)
    0x08000292   0x00000006   Code   RO         1813    .ARM.Collect$$libinit$$0000000F  c_w.l(libinit2.o)
    0x08000298   0x00000000   Code   RO         1815    .ARM.Collect$$libinit$$00000011  c_w.l(libinit2.o)
    0x08000298   0x0000000c   Code   RO         1816    .ARM.Collect$$libinit$$00000012  c_w.l(libinit2.o)
    0x080002a4   0x00000000   Code   RO         1817    .ARM.Collect$$libinit$$00000013  c_w.l(libinit2.o)
    0x080002a4   0x00000000   Code   RO         1819    .ARM.Collect$$libinit$$00000015  c_w.l(libinit2.o)
    0x080002a4   0x0000000a   Code   RO         1820    .ARM.Collect$$libinit$$00000016  c_w.l(libinit2.o)
    0x080002ae   0x00000000   Code   RO         1821    .ARM.Collect$$libinit$$00000017  c_w.l(libinit2.o)
    0x080002ae   0x00000000   Code   RO         1823    .ARM.Collect$$libinit$$00000019  c_w.l(libinit2.o)
    0x080002ae   0x00000000   Code   RO         1825    .ARM.Collect$$libinit$$0000001B  c_w.l(libinit2.o)
    0x080002ae   0x00000000   Code   RO         1827    .ARM.Collect$$libinit$$0000001D  c_w.l(libinit2.o)
    0x080002ae   0x00000000   Code   RO         1829    .ARM.Collect$$libinit$$0000001F  c_w.l(libinit2.o)
    0x080002ae   0x00000000   Code   RO         1831    .ARM.Collect$$libinit$$00000021  c_w.l(libinit2.o)
    0x080002ae   0x00000000   Code   RO         1833    .ARM.Collect$$libinit$$00000023  c_w.l(libinit2.o)
    0x080002ae   0x00000000   Code   RO         1835    .ARM.Collect$$libinit$$00000025  c_w.l(libinit2.o)
    0x080002ae   0x00000000   Code   RO         1839    .ARM.Collect$$libinit$$0000002C  c_w.l(libinit2.o)
    0x080002ae   0x00000000   Code   RO         1841    .ARM.Collect$$libinit$$0000002E  c_w.l(libinit2.o)
    0x080002ae   0x00000000   Code   RO         1843    .ARM.Collect$$libinit$$00000030  c_w.l(libinit2.o)
    0x080002ae   0x00000000   Code   RO         1845    .ARM.Collect$$libinit$$00000032  c_w.l(libinit2.o)
    0x080002ae   0x00000002   Code   RO         1846    .ARM.Collect$$libinit$$00000033  c_w.l(libinit2.o)
    0x080002b0   0x00000002   Code   RO         1866    .ARM.Collect$$libshutdown$$00000000  c_w.l(libshutdown.o)
    0x080002b2   0x00000000   Code   RO         1879    .ARM.Collect$$libshutdown$$00000002  c_w.l(libshutdown2.o)
    0x080002b2   0x00000000   Code   RO         1881    .ARM.Collect$$libshutdown$$00000004  c_w.l(libshutdown2.o)
    0x080002b2   0x00000000   Code   RO         1884    .ARM.Collect$$libshutdown$$00000007  c_w.l(libshutdown2.o)
    0x080002b2   0x00000000   Code   RO         1887    .ARM.Collect$$libshutdown$$0000000A  c_w.l(libshutdown2.o)
    0x080002b2   0x00000000   Code   RO         1889    .ARM.Collect$$libshutdown$$0000000C  c_w.l(libshutdown2.o)
    0x080002b2   0x00000000   Code   RO         1892    .ARM.Collect$$libshutdown$$0000000F  c_w.l(libshutdown2.o)
    0x080002b2   0x00000002   Code   RO         1893    .ARM.Collect$$libshutdown$$00000010  c_w.l(libshutdown2.o)
    0x080002b4   0x00000000   Code   RO         1594    .ARM.Collect$$rtentry$$00000000  c_w.l(__rtentry.o)
    0x080002b4   0x00000000   Code   RO         1707    .ARM.Collect$$rtentry$$00000002  c_w.l(__rtentry2.o)
    0x080002b4   0x00000006   Code   RO         1719    .ARM.Collect$$rtentry$$00000004  c_w.l(__rtentry4.o)
    0x080002ba   0x00000000   Code   RO         1709    .ARM.Collect$$rtentry$$00000009  c_w.l(__rtentry2.o)
    0x080002ba   0x00000004   Code   RO         1710    .ARM.Collect$$rtentry$$0000000A  c_w.l(__rtentry2.o)
    0x080002be   0x00000000   Code   RO         1712    .ARM.Collect$$rtentry$$0000000C  c_w.l(__rtentry2.o)
    0x080002be   0x00000008   Code   RO         1713    .ARM.Collect$$rtentry$$0000000D  c_w.l(__rtentry2.o)
    0x080002c6   0x00000002   Code   RO         1798    .ARM.Collect$$rtexit$$00000000  c_w.l(rtexit.o)
    0x080002c8   0x00000000   Code   RO         1848    .ARM.Collect$$rtexit$$00000002  c_w.l(rtexit2.o)
    0x080002c8   0x00000004   Code   RO         1849    .ARM.Collect$$rtexit$$00000003  c_w.l(rtexit2.o)
    0x080002cc   0x00000006   Code   RO         1850    .ARM.Collect$$rtexit$$00000004  c_w.l(rtexit2.o)
    0x080002d2   0x00000002   PAD
    0x080002d4   0x00000040   Code   RO            4    .text               startup_stm32f40_41xxx.o
    0x08000314   0x00000024   Code   RO         1582    .text               c_w.l(vsprintf.o)
    0x08000338   0x0000001a   Code   RO         1584    .text               c_w.l(atoi.o)
    0x08000352   0x0000008a   Code   RO         1586    .text               c_w.l(rt_memcpy_v6.o)
    0x080003dc   0x0000004e   Code   RO         1588    .text               c_w.l(rt_memclr_w.o)
    0x0800042a   0x00000006   Code   RO         1590    .text               c_w.l(heapauxi.o)
    0x08000430   0x00000008   Code   RO         1598    .text               c_w.l(rt_errno_addr_intlibspace.o)
    0x08000438   0x0000004e   Code   RO         1602    .text               c_w.l(_printf_pad.o)
    0x08000486   0x00000024   Code   RO         1604    .text               c_w.l(_printf_truncate.o)
    0x080004aa   0x00000052   Code   RO         1606    .text               c_w.l(_printf_str.o)
    0x080004fc   0x00000078   Code   RO         1608    .text               c_w.l(_printf_dec.o)
    0x08000574   0x00000028   Code   RO         1610    .text               c_w.l(_printf_charcount.o)
    0x0800059c   0x00000030   Code   RO         1612    .text               c_w.l(_printf_char_common.o)
    0x080005cc   0x0000000a   Code   RO         1614    .text               c_w.l(_sputc.o)
    0x080005d6   0x00000002   PAD
    0x080005d8   0x000000bc   Code   RO         1616    .text               c_w.l(_printf_wctomb.o)
    0x08000694   0x0000007c   Code   RO         1619    .text               c_w.l(_printf_longlong_dec.o)
    0x08000710   0x00000070   Code   RO         1625    .text               c_w.l(_printf_oct_int_ll.o)
    0x08000780   0x00000094   Code   RO         1645    .text               c_w.l(_printf_hex_int_ll_ptr.o)
    0x08000814   0x00000188   Code   RO         1665    .text               c_w.l(__printf_flags_ss_wp.o)
    0x0800099c   0x00000070   Code   RO         1691    .text               c_w.l(strtol.o)
    0x08000a0c   0x00000064   Code   RO         1693    .text               c_w.l(rt_memcpy_w.o)
    0x08000a70   0x00000008   Code   RO         1703    .text               c_w.l(libspace.o)
    0x08000a78   0x00000010   Code   RO         1721    .text               c_w.l(rt_ctype_table.o)
    0x08000a88   0x0000008a   Code   RO         1723    .text               c_w.l(lludiv10.o)
    0x08000b12   0x000000b2   Code   RO         1725    .text               c_w.l(_printf_intcommon.o)
    0x08000bc4   0x0000041a   Code   RO         1727    .text               c_w.l(_printf_fp_dec.o)
    0x08000fde   0x00000002   PAD
    0x08000fe0   0x000002fc   Code   RO         1729    .text               c_w.l(_printf_fp_hex.o)
    0x080012dc   0x0000002c   Code   RO         1734    .text               c_w.l(_printf_char.o)
    0x08001308   0x0000002c   Code   RO         1736    .text               c_w.l(_printf_wchar.o)
    0x08001334   0x0000009e   Code   RO         1739    .text               c_w.l(_strtoul.o)
    0x080013d2   0x00000040   Code   RO         1741    .text               c_w.l(_wcrtomb.o)
    0x08001412   0x0000004a   Code   RO         1743    .text               c_w.l(sys_stackheap_outer.o)
    0x0800145c   0x00000008   Code   RO         1748    .text               c_w.l(rt_locale_intlibspace.o)
    0x08001464   0x00000080   Code   RO         1750    .text               c_w.l(_printf_fp_infnan.o)
    0x080014e4   0x0000001c   Code   RO         1752    .text               c_w.l(_chval.o)
    0x08001500   0x000000dc   Code   RO         1754    .text               c_w.l(bigflt0.o)
    0x080015dc   0x00000012   Code   RO         1785    .text               c_w.l(exit.o)
    0x080015ee   0x00000002   PAD
    0x080015f0   0x00000080   Code   RO         1800    .text               c_w.l(strcmpv7m.o)
    0x08001670   0x0000000c   Code   RO         1858    .text               c_w.l(sys_exit.o)
    0x0800167c   0x00000002   Code   RO         1869    .text               c_w.l(use_no_semi.o)
    0x0800167e   0x00000000   Code   RO         1871    .text               c_w.l(indicate_semi.o)
    0x0800167e   0x0000003e   Code   RO         1757    CL$$btod_d2e        c_w.l(btod.o)
    0x080016bc   0x00000046   Code   RO         1759    CL$$btod_d2e_denorm_low  c_w.l(btod.o)
    0x08001702   0x00000060   Code   RO         1758    CL$$btod_d2e_norm_op1  c_w.l(btod.o)
    0x08001762   0x00000338   Code   RO         1767    CL$$btod_div_common  c_w.l(btod.o)
    0x08001a9a   0x000000c6   Code   RO         1764    CL$$btod_e2e        c_w.l(btod.o)
    0x08001b60   0x00000028   Code   RO         1761    CL$$btod_ediv       c_w.l(btod.o)
    0x08001b88   0x00000028   Code   RO         1760    CL$$btod_emul       c_w.l(btod.o)
    0x08001bb0   0x00000244   Code   RO         1766    CL$$btod_mult_common  c_w.l(btod.o)
    0x08001df4   0x00000004   Code   RO          429    i.BusFault_Handler  stm32f4xx_it.o
    0x08001df8   0x00000002   Code   RO          430    i.DebugMon_Handler  stm32f4xx_it.o
    0x08001dfa   0x00000002   PAD
    0x08001dfc   0x00000034   Code   RO          598    i.FSMC_NORSRAMCmd   stm32f4xx_fsmc.o
    0x08001e30   0x000000e6   Code   RO          600    i.FSMC_NORSRAMInit  stm32f4xx_fsmc.o
    0x08001f16   0x00000090   Code   RO          723    i.GPIO_Init         stm32f4xx_gpio.o
    0x08001fa6   0x00000046   Code   RO          724    i.GPIO_PinAFConfig  stm32f4xx_gpio.o
    0x08001fec   0x00000012   Code   RO          727    i.GPIO_ReadInputDataBit  stm32f4xx_gpio.o
    0x08001ffe   0x00000004   Code   RO          730    i.GPIO_ResetBits    stm32f4xx_gpio.o
    0x08002002   0x00000004   Code   RO          731    i.GPIO_SetBits      stm32f4xx_gpio.o
    0x08002006   0x00000004   Code   RO          431    i.HardFault_Handler  stm32f4xx_it.o
    0x0800200a   0x00000002   PAD
    0x0800200c   0x00000010   Code   RO         1224    i.IWDG_ReloadCounter  stm32f4xx_iwdg.o
    0x0800201c   0x00000004   Code   RO          432    i.MemManage_Handler  stm32f4xx_it.o
    0x08002020   0x00000002   Code   RO          433    i.NMI_Handler       stm32f4xx_it.o
    0x08002022   0x00000002   PAD
    0x08002024   0x00000078   Code   RO          539    i.NVIC_Init         misc.o
    0x0800209c   0x00000014   Code   RO          540    i.NVIC_PriorityGroupConfig  misc.o
    0x080020b0   0x00000002   Code   RO          434    i.PendSV_Handler    stm32f4xx_it.o
    0x080020b2   0x00000002   PAD
    0x080020b4   0x00000020   Code   RO          824    i.RCC_AHB1PeriphClockCmd  stm32f4xx_rcc.o
    0x080020d4   0x00000020   Code   RO          830    i.RCC_AHB3PeriphClockCmd  stm32f4xx_rcc.o
    0x080020f4   0x00000020   Code   RO          833    i.RCC_APB1PeriphClockCmd  stm32f4xx_rcc.o
    0x08002114   0x00000020   Code   RO          835    i.RCC_APB1PeriphResetCmd  stm32f4xx_rcc.o
    0x08002134   0x00000020   Code   RO          838    i.RCC_APB2PeriphResetCmd  stm32f4xx_rcc.o
    0x08002154   0x000000e8   Code   RO          845    i.RCC_GetClocksFreq  stm32f4xx_rcc.o
    0x0800223c   0x00000002   Code   RO          435    i.SVC_Handler       stm32f4xx_it.o
    0x0800223e   0x00000002   PAD
    0x08002240   0x000000ec   Code   RO          498    i.SetSysClock       system_stm32f4xx.o
    0x0800232c   0x0000005c   Code   RO          386    i.SysTick_Handler   systick.o
    0x08002388   0x00000068   Code   RO          500    i.SystemInit        system_stm32f4xx.o
    0x080023f0   0x000000ac   Code   RO          307    i.UART4_IRQHandler  usart.o
    0x0800249c   0x00000018   Code   RO         1280    i.USART_Cmd         stm32f4xx_usart.o
    0x080024b4   0x000000f0   Code   RO         1282    i.USART_DeInit      stm32f4xx_usart.o
    0x080025a4   0x0000001a   Code   RO         1283    i.USART_GetFlagStatus  stm32f4xx_usart.o
    0x080025be   0x0000004a   Code   RO         1286    i.USART_ITConfig    stm32f4xx_usart.o
    0x08002608   0x000000d4   Code   RO         1287    i.USART_Init        stm32f4xx_usart.o
    0x080026dc   0x0000000a   Code   RO         1294    i.USART_ReceiveData  stm32f4xx_usart.o
    0x080026e6   0x00000008   Code   RO         1297    i.USART_SendData    stm32f4xx_usart.o
    0x080026ee   0x00000004   Code   RO          436    i.UsageFault_Handler  stm32f4xx_it.o
    0x080026f2   0x00000030   Code   RO         1796    i.__ARM_fpclassify  m_wm.l(fpclassify.o)
    0x08002722   0x0000000e   Code   RO         1658    i._is_digit         c_w.l(__printf_wp.o)
    0x08002730   0x000000c0   Code   RO         1549    i.alarm_task        alarm_task.o
    0x080027f0   0x0000001c   Code   RO         1550    i.alarm_task_init   alarm_task.o
    0x0800280c   0x000001e0   Code   RO         1468    i.comm_task         comm_task.o
    0x080029ec   0x00000044   Code   RO         1469    i.comm_task_init    comm_task.o
    0x08002a30   0x00000008   Code   RO          270    i.feed_dog          iwdg.o
    0x08002a38   0x00000040   Code   RO          171    i.initialize        led.o
    0x08002a78   0x00000200   Code   RO          203    i.initialize        fsmc.o
    0x08002c78   0x00000030   Code   RO          238    i.initialize        fpga_flag.o
    0x08002ca8   0x00000004   Code   RO          271    i.initialize        iwdg.o
    0x08002cac   0x00000070   Code   RO          387    i.initialize        systick.o
    0x08002d1c   0x000000bc   Code   RO          308    i.initialize_usart4  usart.o
    0x08002dd8   0x00000058   Code   RO           13    i.main              main.o
    0x08002e30   0x0000002e   Code   RO          309    i.my_printf4        usart.o
    0x08002e5e   0x00000010   Code   RO          133    i.sch_scheduler     scheduler.o
    0x08002e6e   0x00000010   Code   RO          134    i.sch_scheduler_init  scheduler.o
    0x08002e7e   0x00000028   Code   RO          310    i.send_buffer4      usart.o
    0x08002ea6   0x00000002   PAD
    0x08002ea8   0x00000024   Code   RO          311    i.send_byte_to_usart4  usart.o
    0x08002ecc   0x0000002c   Code   RO          312    i.send_string_to_usart4  usart.o
    0x08002ef8   0x00000002   Code   RO         1525    i.timing_task       timing_task.o
    0x08002efa   0x00000002   Code   RO         1526    i.timing_task_init  timing_task.o
    0x08002efc   0x0000001c   Code   RO         1470    i.uart_init         comm_task.o
    0x08002f18   0x0000002c   Code   RO         1780    locale$$code        c_w.l(lc_ctype_c.o)
    0x08002f44   0x0000002c   Code   RO         1783    locale$$code        c_w.l(lc_numeric_c.o)
    0x08002f70   0x0000000a   Code   RO         1856    x$fpl$fpinit        fz_wm.l(fpinit.o)
    0x08002f7a   0x00000004   Code   RO         1695    x$fpl$printf1       fz_wm.l(printf1.o)
    0x08002f7e   0x00000004   Code   RO         1697    x$fpl$printf2       fz_wm.l(printf2.o)
    0x08002f82   0x00000000   Code   RO         1795    x$fpl$usenofp       fz_wm.l(usenofp.o)
    0x08002f82   0x00000002   PAD
    0x08002f84   0x00000008   Data   RO         1617    .constdata          c_w.l(_printf_wctomb.o)
    0x08002f8c   0x00000028   Data   RO         1646    .constdata          c_w.l(_printf_hex_int_ll_ptr.o)
    0x08002fb4   0x00000011   Data   RO         1666    .constdata          c_w.l(__printf_flags_ss_wp.o)
    0x08002fc5   0x00000026   Data   RO         1730    .constdata          c_w.l(_printf_fp_hex.o)
    0x08002feb   0x00000001   PAD
    0x08002fec   0x00000094   Data   RO         1755    .constdata          c_w.l(bigflt0.o)
    0x08003080   0x00000020   Data   RO         1924    Region$$Table       anon$$obj.o
    0x080030a0   0x00000110   Data   RO         1779    locale$$data        c_w.l(lc_ctype_c.o)
    0x080031b0   0x0000001c   Data   RO         1782    locale$$data        c_w.l(lc_numeric_c.o)


    Execution Region RW_IRAM1 (Base: 0x20000000, Size: 0x00006330, Max: 0x00020000, ABSOLUTE)

    Base Addr    Size         Type   Attr      Idx    E Section Name        Object

    0x20000000   0x00000030   Data   RW          159    .data               variable.o
    0x20000030   0x00000004   Data   RW          172    .data               led.o
    0x20000034   0x00000004   Data   RW          204    .data               fsmc.o
    0x20000038   0x00000004   Data   RW          239    .data               fpga_flag.o
    0x2000003c   0x00000008   Data   RW          272    .data               iwdg.o
    0x20000044   0x00000014   Data   RW          313    .data               usart.o
    0x20000058   0x00000004   Data   RW          388    .data               systick.o
    0x2000005c   0x00000014   Data   RW          501    .data               system_stm32f4xx.o
    0x20000070   0x00000010   Data   RW          877    .data               stm32f4xx_rcc.o
    0x20000080   0x00000004   Data   RW         1471    .data               comm_task.o
    0x20000084   0x00000048   Zero   RW          158    .bss                variable.o
    0x200000cc   0x00000060   Zero   RW         1704    .bss                c_w.l(libspace.o)
    0x2000012c   0x00000004   PAD
    0x20000130   0x00000200   Zero   RW            2    HEAP                startup_stm32f40_41xxx.o
    0x20000330   0x00006000   Zero   RW            1    STACK               startup_stm32f40_41xxx.o


==============================================================================

Image component sizes


      Code (inc. data)   RO Data    RW Data    ZI Data      Debug   Object Name

       220         24          0          0          0        995   alarm_task.o
       576        110          0          4          0       1865   comm_task.o
        48          4          0          4          0       7936   fpga_flag.o
       512         18          0          4          0       8487   fsmc.o
        12          0          0          8          0       1231   iwdg.o
        64          6          0          4          0       8202   led.o
        88         26          0          0          0     263099   main.o
       140         24          0          0          0       1387   misc.o
        32          0          0          0          0        881   scheduler.o
        64         26        392          0      25088        820   startup_stm32f40_41xxx.o
       282          6          0          0          0       1669   stm32f4xx_fsmc.o
       240          0          0          0          0       3223   stm32f4xx_gpio.o
        24          0          0          0          0       3368   stm32f4xx_it.o
        16          6          0          0          0        441   stm32f4xx_iwdg.o
       392         48          0         16          0       5405   stm32f4xx_rcc.o
       594         42          0          0          0       4964   stm32f4xx_usart.o
       340         32          0         20          0       1637   system_stm32f4xx.o
       204         34          0          4          0      31207   systick.o
         4          0          0          0          0        825   timing_task.o
       526         48          0         20          0       5892   usart.o
         0          0          0         48         72       1038   variable.o

    ----------------------------------------------------------------------
      4390        454        424        132      25160     354572   Object Totals
         0          0         32          0          0          0   (incl. Generated)
        12          0          0          0          0          0   (incl. Padding)

    ----------------------------------------------------------------------

      Code (inc. data)   RO Data    RW Data    ZI Data      Debug   Library Member Name

         8          0          0          0          0         68   __main.o
       392          4         17          0          0         92   __printf_flags_ss_wp.o
        14          0          0          0          0         68   __printf_wp.o
         0          0          0          0          0          0   __rtentry.o
        12          0          0          0          0          0   __rtentry2.o
         6          0          0          0          0          0   __rtentry4.o
        52          8          0          0          0          0   __scatter.o
        26          0          0          0          0          0   __scatter_copy.o
        28          0          0          0          0          0   __scatter_zi.o
        28          0          0          0          0         68   _chval.o
         6          0          0          0          0          0   _printf_a.o
         6          0          0          0          0          0   _printf_c.o
        44          0          0          0          0        108   _printf_char.o
        48          6          0          0          0         96   _printf_char_common.o
        40          0          0          0          0         68   _printf_charcount.o
         6          0          0          0          0          0   _printf_d.o
       120         16          0          0          0         92   _printf_dec.o
         6          0          0          0          0          0   _printf_e.o
         6          0          0          0          0          0   _printf_f.o
      1050          0          0          0          0        216   _printf_fp_dec.o
       764          8         38          0          0        100   _printf_fp_hex.o
       128         16          0          0          0         84   _printf_fp_infnan.o
         6          0          0          0          0          0   _printf_g.o
       148          4         40          0          0        160   _printf_hex_int_ll_ptr.o
         6          0          0          0          0          0   _printf_i.o
       178          0          0          0          0         88   _printf_intcommon.o
        10          0          0          0          0          0   _printf_l.o
         6          0          0          0          0          0   _printf_lc.o
        10          0          0          0          0          0   _printf_ll.o
         6          0          0          0          0          0   _printf_lld.o
         6          0          0          0          0          0   _printf_lli.o
         6          0          0          0          0          0   _printf_llo.o
         6          0          0          0          0          0   _printf_llu.o
         6          0          0          0          0          0   _printf_llx.o
       124         16          0          0          0         92   _printf_longlong_dec.o
         6          0          0          0          0          0   _printf_ls.o
         6          0          0          0          0          0   _printf_n.o
         6          0          0          0          0          0   _printf_o.o
       112         10          0          0          0        124   _printf_oct_int_ll.o
         6          0          0          0          0          0   _printf_p.o
        78          0          0          0          0        108   _printf_pad.o
         0          0          0          0          0          0   _printf_percent.o
         4          0          0          0          0          0   _printf_percent_end.o
         6          0          0          0          0          0   _printf_s.o
        82          0          0          0          0         80   _printf_str.o
        36          0          0          0          0         84   _printf_truncate.o
         6          0          0          0          0          0   _printf_u.o
        44          0          0          0          0        108   _printf_wchar.o
       188          6          8          0          0         92   _printf_wctomb.o
         6          0          0          0          0          0   _printf_x.o
        10          0          0          0          0         68   _sputc.o
       158          0          0          0          0         92   _strtoul.o
        64          0          0          0          0         92   _wcrtomb.o
        26          0          0          0          0         80   atoi.o
       220          4        148          0          0         96   bigflt0.o
      1910        128          0          0          0        672   btod.o
        18          0          0          0          0         80   exit.o
         6          0          0          0          0        152   heapauxi.o
         0          0          0          0          0          0   indicate_semi.o
        44         10        272          0          0         76   lc_ctype_c.o
        44         10         28          0          0         76   lc_numeric_c.o
         2          0          0          0          0          0   libinit.o
        34          0          0          0          0          0   libinit2.o
         2          0          0          0          0          0   libshutdown.o
         2          0          0          0          0          0   libshutdown2.o
         8          4          0          0         96         68   libspace.o
       138          0          0          0          0         80   lludiv10.o
        16          4          0          0          0         76   rt_ctype_table.o
         8          4          0          0          0         68   rt_errno_addr_intlibspace.o
         8          4          0          0          0         68   rt_locale_intlibspace.o
        78          0          0          0          0         80   rt_memclr_w.o
       138          0          0          0          0         68   rt_memcpy_v6.o
       100          0          0          0          0         80   rt_memcpy_w.o
         2          0          0          0          0          0   rtexit.o
        10          0          0          0          0          0   rtexit2.o
       128          0          0          0          0         68   strcmpv7m.o
       112          0          0          0          0         88   strtol.o
        12          4          0          0          0         68   sys_exit.o
        74          0          0          0          0         80   sys_stackheap_outer.o
         2          0          0          0          0         68   use_no_semi.o
        36          4          0          0          0         76   vsprintf.o
        10          0          0          0          0        116   fpinit.o
         4          0          0          0          0        116   printf1.o
         4          0          0          0          0        116   printf2.o
         0          0          0          0          0          0   usenofp.o
        48          0          0          0          0        124   fpclassify.o

    ----------------------------------------------------------------------
      7382        270        552          0        100       4988   Library Totals
        12          0          1          0          4          0   (incl. Padding)

    ----------------------------------------------------------------------

      Code (inc. data)   RO Data    RW Data    ZI Data      Debug   Library Name

      7304        270        551          0         96       4516   c_w.l
        18          0          0          0          0        348   fz_wm.l
        48          0          0          0          0        124   m_wm.l

    ----------------------------------------------------------------------
      7382        270        552          0        100       4988   Library Totals

    ----------------------------------------------------------------------

==============================================================================


      Code (inc. data)   RO Data    RW Data    ZI Data      Debug   

     11772        724        976        132      25260     351664   Grand Totals
     11772        724        976        132      25260     351664   ELF Image Totals
     11772        724        976        132          0          0   ROM Totals

==============================================================================

    Total RO  Size (Code + RO Data)                12748 (  12.45kB)
    Total RW  Size (RW Data + ZI Data)             25392 (  24.80kB)
    Total ROM Size (Code + RO Data + RW Data)      12880 (  12.58kB)

==============================================================================

